******************************************************************************
             TMS320C2000 Linker PC v6.4.6                      
******************************************************************************
>> Linked Thu Mar 08 14:58:03 2018

OUTPUT FILE NAME:   <PWM_ADJ_OK.out>
ENTRY POINT SYMBOL: "_c_int00"  address: 0000a7dc


MEMORY CONFIGURATION

         name            origin    length      used     unused   attr    fill
----------------------  --------  ---------  --------  --------  ----  --------
PAGE 0:
  BEGIN                 00000000   00000002  00000002  00000000  RWIX
  BOOT_RSVD             00000002   0000004e  00000000  0000004e  RWIX
  RAMM0                 00000050   000003b0  00000000  000003b0  RWIX
  RAML0                 00008000   00001500  000000ba  00001446  RWIX
  RAML1                 00009500   00003000  0000155d  00001aa3  RWIX
  CSM_RSVD              0033ff80   00000076  00000000  00000076  RWIX
  CSM_PWL               0033fff8   00000008  00000000  00000008  RWIX
  ADC_CAL               00380080   00000009  00000007  00000002  RWIX
  IQTABLES              003fe000   00000b50  00000000  00000b50  RWIX
  IQTABLES2             003feb50   0000008c  00000000  0000008c  RWIX
  FPUTABLES             003febdc   000006a0  00000000  000006a0  RWIX
  BOOTROM               003ff27c   00000d44  00000000  00000d44  RWIX
  RESET                 003fffc0   00000002  00000000  00000002  RWIX

PAGE 1:
  RAMM1                 00000400   00000400  00000300  00000100  RWIX
  DEV_EMU               00000880   00000180  000000d0  000000b0  RWIX
  FLASH_REGS            00000a80   00000060  00000008  00000058  RWIX
  CSM                   00000ae0   00000010  00000010  00000000  RWIX
  ADC_MIRROR            00000b00   00000010  00000010  00000000  RWIX
  XINTF                 00000b20   00000020  0000001e  00000002  RWIX
  CPU_TIMER0            00000c00   00000008  00000008  00000000  RWIX
  CPU_TIMER1            00000c08   00000008  00000008  00000000  RWIX
  CPU_TIMER2            00000c10   00000008  00000008  00000000  RWIX
  PIE_CTRL              00000ce0   00000020  0000001a  00000006  RWIX
  PIE_VECT              00000d00   00000100  00000100  00000000  RWIX
  DMA                   00001000   00000200  000000e0  00000120  RWIX
  MCBSPA                00005000   00000040  00000025  0000001b  RWIX
  MCBSPB                00005040   00000040  00000025  0000001b  RWIX
  ECANA                 00006000   00000040  00000034  0000000c  RWIX
  ECANA_LAM             00006040   00000040  00000040  00000000  RWIX
  ECANA_MOTS            00006080   00000040  00000040  00000000  RWIX
  ECANA_MOTO            000060c0   00000040  00000040  00000000  RWIX
  ECANA_MBOX            00006100   00000100  00000100  00000000  RWIX
  ECANB                 00006200   00000040  00000034  0000000c  RWIX
  ECANB_LAM             00006240   00000040  00000040  00000000  RWIX
  ECANB_MOTS            00006280   00000040  00000040  00000000  RWIX
  ECANB_MOTO            000062c0   00000040  00000040  00000000  RWIX
  ECANB_MBOX            00006300   00000100  00000100  00000000  RWIX
  EPWM1                 00006800   00000022  00000022  00000000  RWIX
  EPWM2                 00006840   00000022  00000022  00000000  RWIX
  EPWM3                 00006880   00000022  00000022  00000000  RWIX
  EPWM4                 000068c0   00000022  00000022  00000000  RWIX
  EPWM5                 00006900   00000022  00000022  00000000  RWIX
  EPWM6                 00006940   00000022  00000022  00000000  RWIX
  ECAP1                 00006a00   00000020  00000020  00000000  RWIX
  ECAP2                 00006a20   00000020  00000020  00000000  RWIX
  ECAP3                 00006a40   00000020  00000020  00000000  RWIX
  ECAP4                 00006a60   00000020  00000020  00000000  RWIX
  ECAP5                 00006a80   00000020  00000020  00000000  RWIX
  ECAP6                 00006aa0   00000020  00000020  00000000  RWIX
  EQEP1                 00006b00   00000040  00000040  00000000  RWIX
  EQEP2                 00006b40   00000040  00000040  00000000  RWIX
  GPIOCTRL              00006f80   00000040  0000002e  00000012  RWIX
  GPIODAT               00006fc0   00000020  00000020  00000000  RWIX
  GPIOINT               00006fe0   00000020  0000000a  00000016  RWIX
  SYSTEM                00007010   00000020  00000020  00000000  RWIX
  SPIA                  00007040   00000010  00000010  00000000  RWIX
  SCIA                  00007050   00000010  00000010  00000000  RWIX
  XINTRUPT              00007070   00000010  00000010  00000000  RWIX
  ADC                   00007100   00000020  0000001e  00000002  RWIX
  SCIB                  00007750   00000010  00000010  00000000  RWIX
  SCIC                  00007770   00000010  00000010  00000000  RWIX
  I2CA                  00007900   00000040  00000022  0000001e  RWIX
  RAML4                 0000c500   00001500  0000006c  00001494  RWIX
  RAML5                 0000e000   00002000  00000110  00001ef0  RWIX
  ZONE6_ExRam           00100000   00100000  00000000  00100000  RWIX
  ZONE7_Flash           00200000   00080000  00000000  00080000  RWIX
  CSM_PWL               0033fff8   00000008  00000008  00000000  RWIX


SECTION ALLOCATION MAP

 output                                  attributes/
section   page    origin      length       input sections
--------  ----  ----------  ----------   ----------------
codestart 
*          0    00000000    00000002     
                  00000000    00000002     DSP2833x_CodeStartBranch.obj (codestart)

.cinit     0    00008000    000000b6     
                  00008000    00000082     main.obj (.cinit)
                  00008082    0000001a     Dis_FSP.obj (.cinit)
                  0000809c    0000000a     rts2800_fpu32.lib : exit.obj (.cinit)
                  000080a6    00000005                       : _lock.obj (.cinit:__lock)
                  000080ab    00000005                       : _lock.obj (.cinit:__unlock)
                  000080b0    00000004                       : errno.obj (.cinit)
                  000080b4    00000002     --HOLE-- [fill = 0]

ramfuncs   0    000080b6    00000004     
                  000080b6    00000004     DSP2833x_usDelay.obj (ramfuncs)

.text      0    00009500    0000155d     
                  00009500    000006c9     main.obj (.text)
                  00009bc9    00000323     DSP2833x_DefaultIsr.obj (.text:retain)
                  00009eec    0000021c     Dis_FSP.obj (.text)
                  0000a108    0000021c     Dis_VI.obj (.text)
                  0000a324    000000f8     DSP2833x_SysCtrl.obj (.text)
                  0000a41c    0000009c     rts2800_fpu32.lib : fd_add.obj (.text)
                  0000a4b8    0000008b                       : fd_div.obj (.text)
                  0000a543    00000088                       : fs_div.obj (.text)
                  0000a5cb    00000083                       : fd_mpy.obj (.text)
                  0000a64e    0000007b     DSP2833x_CpuTimers.obj (.text)
                  0000a6c9    00000068     rts2800_fpu32.lib : exp.obj (.text)
                  0000a731    0000005b                       : pow.obj (.text)
                  0000a78c    00000050                       : _log.obj (.text)
                  0000a7dc    00000046                       : boot.obj (.text)
                  0000a822    0000003a     DSP2833x_Adc.obj (.text)
                  0000a85c    00000034     rts2800_fpu32.lib : ldexp.obj (.text)
                  0000a890    0000002e     KEY.obj (.text)
                  0000a8be    00000028     DSP2833x_PieCtrl.obj (.text)
                  0000a8e6    00000022     DSP2833x_PieVect.obj (.text)
                  0000a908    00000022     rts2800_fpu32.lib : i_div.obj (.text)
                  0000a92a    0000001d                       : i_tofd.obj (.text)
                  0000a947    0000001c     main.obj (.text:retain)
                  0000a963    0000001c     rts2800_fpu32.lib : fs_tofd.obj (.text)
                  0000a97f    0000001b                       : fd_toul.obj (.text)
                  0000a99a    0000001a                       : fd_tou.obj (.text)
                  0000a9b4    00000019                       : args_main.obj (.text)
                  0000a9cd    00000019                       : exit.obj (.text)
                  0000a9e6    00000017                       : u_tofd.obj (.text)
                  0000a9fd    00000016                       : frexp.obj (.text)
                  0000aa13    00000016                       : ul_tofd.obj (.text)
                  0000aa29    0000000e                       : fd_sub.obj (.text)
                  0000aa37    0000000b                       : u_div.obj (.text)
                  0000aa42    00000009                       : _lock.obj (.text)
                  0000aa4b    00000008     DSP2833x_CodeStartBranch.obj (.text)
                  0000aa53    00000007     DSP2833x_DisInt.obj (.text)
                  0000aa5a    00000003     DSP2833x_DBGIER.obj (.text)

.pinit     0    00008000    00000000     UNINITIALIZED

.adc_cal   0    00380080    00000007     NOLOAD SECTION
                  00380080    00000007     DSP2833x_ADC_cal.obj (.adc_cal)

.stack     1    00000400    00000300     UNINITIALIZED
                  00000400    00000300     --HOLE--

DevEmuRegsFile 
*          1    00000880    000000d0     UNINITIALIZED
                  00000880    000000d0     DSP2833x_GlobalVariableDefs.obj (DevEmuRegsFile)

FlashRegsFile 
*          1    00000a80    00000008     UNINITIALIZED
                  00000a80    00000008     DSP2833x_GlobalVariableDefs.obj (FlashRegsFile)

CsmRegsFile 
*          1    00000ae0    00000010     UNINITIALIZED
                  00000ae0    00000010     DSP2833x_GlobalVariableDefs.obj (CsmRegsFile)

AdcMirrorFile 
*          1    00000b00    00000010     UNINITIALIZED
                  00000b00    00000010     DSP2833x_GlobalVariableDefs.obj (AdcMirrorFile)

XintfRegsFile 
*          1    00000b20    0000001e     UNINITIALIZED
                  00000b20    0000001e     DSP2833x_GlobalVariableDefs.obj (XintfRegsFile)

CpuTimer0RegsFile 
*          1    00000c00    00000008     UNINITIALIZED
                  00000c00    00000008     DSP2833x_GlobalVariableDefs.obj (CpuTimer0RegsFile)

CpuTimer1RegsFile 
*          1    00000c08    00000008     UNINITIALIZED
                  00000c08    00000008     DSP2833x_GlobalVariableDefs.obj (CpuTimer1RegsFile)

CpuTimer2RegsFile 
*          1    00000c10    00000008     UNINITIALIZED
                  00000c10    00000008     DSP2833x_GlobalVariableDefs.obj (CpuTimer2RegsFile)

PieCtrlRegsFile 
*          1    00000ce0    0000001a     UNINITIALIZED
                  00000ce0    0000001a     DSP2833x_GlobalVariableDefs.obj (PieCtrlRegsFile)

PieVectTableFile 
*          1    00000d00    00000100     UNINITIALIZED
                  00000d00    00000100     DSP2833x_GlobalVariableDefs.obj (PieVectTableFile)

DmaRegsFile 
*          1    00001000    000000e0     UNINITIALIZED
                  00001000    000000e0     DSP2833x_GlobalVariableDefs.obj (DmaRegsFile)

McbspaRegsFile 
*          1    00005000    00000025     UNINITIALIZED
                  00005000    00000025     DSP2833x_GlobalVariableDefs.obj (McbspaRegsFile)

McbspbRegsFile 
*          1    00005040    00000025     UNINITIALIZED
                  00005040    00000025     DSP2833x_GlobalVariableDefs.obj (McbspbRegsFile)

ECanaRegsFile 
*          1    00006000    00000034     UNINITIALIZED
                  00006000    00000034     DSP2833x_GlobalVariableDefs.obj (ECanaRegsFile)

ECanaLAMRegsFile 
*          1    00006040    00000040     UNINITIALIZED
                  00006040    00000040     DSP2833x_GlobalVariableDefs.obj (ECanaLAMRegsFile)

ECanaMOTSRegsFile 
*          1    00006080    00000040     UNINITIALIZED
                  00006080    00000040     DSP2833x_GlobalVariableDefs.obj (ECanaMOTSRegsFile)

ECanaMOTORegsFile 
*          1    000060c0    00000040     UNINITIALIZED
                  000060c0    00000040     DSP2833x_GlobalVariableDefs.obj (ECanaMOTORegsFile)

ECanaMboxesFile 
*          1    00006100    00000100     UNINITIALIZED
                  00006100    00000100     DSP2833x_GlobalVariableDefs.obj (ECanaMboxesFile)

ECanbRegsFile 
*          1    00006200    00000034     UNINITIALIZED
                  00006200    00000034     DSP2833x_GlobalVariableDefs.obj (ECanbRegsFile)

ECanbLAMRegsFile 
*          1    00006240    00000040     UNINITIALIZED
                  00006240    00000040     DSP2833x_GlobalVariableDefs.obj (ECanbLAMRegsFile)

ECanbMOTSRegsFile 
*          1    00006280    00000040     UNINITIALIZED
                  00006280    00000040     DSP2833x_GlobalVariableDefs.obj (ECanbMOTSRegsFile)

ECanbMOTORegsFile 
*          1    000062c0    00000040     UNINITIALIZED
                  000062c0    00000040     DSP2833x_GlobalVariableDefs.obj (ECanbMOTORegsFile)

ECanbMboxesFile 
*          1    00006300    00000100     UNINITIALIZED
                  00006300    00000100     DSP2833x_GlobalVariableDefs.obj (ECanbMboxesFile)

EPwm1RegsFile 
*          1    00006800    00000022     UNINITIALIZED
                  00006800    00000022     DSP2833x_GlobalVariableDefs.obj (EPwm1RegsFile)

EPwm2RegsFile 
*          1    00006840    00000022     UNINITIALIZED
                  00006840    00000022     DSP2833x_GlobalVariableDefs.obj (EPwm2RegsFile)

EPwm3RegsFile 
*          1    00006880    00000022     UNINITIALIZED
                  00006880    00000022     DSP2833x_GlobalVariableDefs.obj (EPwm3RegsFile)

EPwm4RegsFile 
*          1    000068c0    00000022     UNINITIALIZED
                  000068c0    00000022     DSP2833x_GlobalVariableDefs.obj (EPwm4RegsFile)

EPwm5RegsFile 
*          1    00006900    00000022     UNINITIALIZED
                  00006900    00000022     DSP2833x_GlobalVariableDefs.obj (EPwm5RegsFile)

EPwm6RegsFile 
*          1    00006940    00000022     UNINITIALIZED
                  00006940    00000022     DSP2833x_GlobalVariableDefs.obj (EPwm6RegsFile)

ECap1RegsFile 
*          1    00006a00    00000020     UNINITIALIZED
                  00006a00    00000020     DSP2833x_GlobalVariableDefs.obj (ECap1RegsFile)

ECap2RegsFile 
*          1    00006a20    00000020     UNINITIALIZED
                  00006a20    00000020     DSP2833x_GlobalVariableDefs.obj (ECap2RegsFile)

ECap3RegsFile 
*          1    00006a40    00000020     UNINITIALIZED
                  00006a40    00000020     DSP2833x_GlobalVariableDefs.obj (ECap3RegsFile)

ECap4RegsFile 
*          1    00006a60    00000020     UNINITIALIZED
                  00006a60    00000020     DSP2833x_GlobalVariableDefs.obj (ECap4RegsFile)

ECap5RegsFile 
*          1    00006a80    00000020     UNINITIALIZED
                  00006a80    00000020     DSP2833x_GlobalVariableDefs.obj (ECap5RegsFile)

ECap6RegsFile 
*          1    00006aa0    00000020     UNINITIALIZED
                  00006aa0    00000020     DSP2833x_GlobalVariableDefs.obj (ECap6RegsFile)

EQep1RegsFile 
*          1    00006b00    00000040     UNINITIALIZED
                  00006b00    00000040     DSP2833x_GlobalVariableDefs.obj (EQep1RegsFile)

EQep2RegsFile 
*          1    00006b40    00000040     UNINITIALIZED
                  00006b40    00000040     DSP2833x_GlobalVariableDefs.obj (EQep2RegsFile)

GpioCtrlRegsFile 
*          1    00006f80    0000002e     UNINITIALIZED
                  00006f80    0000002e     DSP2833x_GlobalVariableDefs.obj (GpioCtrlRegsFile)

GpioDataRegsFile 
*          1    00006fc0    00000020     UNINITIALIZED
                  00006fc0    00000020     DSP2833x_GlobalVariableDefs.obj (GpioDataRegsFile)

GpioIntRegsFile 
*          1    00006fe0    0000000a     UNINITIALIZED
                  00006fe0    0000000a     DSP2833x_GlobalVariableDefs.obj (GpioIntRegsFile)

SysCtrlRegsFile 
*          1    00007010    00000020     UNINITIALIZED
                  00007010    00000020     DSP2833x_GlobalVariableDefs.obj (SysCtrlRegsFile)

SpiaRegsFile 
*          1    00007040    00000010     UNINITIALIZED
                  00007040    00000010     DSP2833x_GlobalVariableDefs.obj (SpiaRegsFile)

SciaRegsFile 
*          1    00007050    00000010     UNINITIALIZED
                  00007050    00000010     DSP2833x_GlobalVariableDefs.obj (SciaRegsFile)

XIntruptRegsFile 
*          1    00007070    00000010     UNINITIALIZED
                  00007070    00000010     DSP2833x_GlobalVariableDefs.obj (XIntruptRegsFile)

AdcRegsFile 
*          1    00007100    0000001e     UNINITIALIZED
                  00007100    0000001e     DSP2833x_GlobalVariableDefs.obj (AdcRegsFile)

ScibRegsFile 
*          1    00007750    00000010     UNINITIALIZED
                  00007750    00000010     DSP2833x_GlobalVariableDefs.obj (ScibRegsFile)

ScicRegsFile 
*          1    00007770    00000010     UNINITIALIZED
                  00007770    00000010     DSP2833x_GlobalVariableDefs.obj (ScicRegsFile)

I2caRegsFile 
*          1    00007900    00000022     UNINITIALIZED
                  00007900    00000022     DSP2833x_GlobalVariableDefs.obj (I2caRegsFile)

.ebss      1    0000c500    0000006c     UNINITIALIZED
                  0000c500    0000002e     main.obj (.ebss)
                  0000c52e    00000004     rts2800_fpu32.lib : exit.obj (.ebss)
                  0000c532    00000002                       : _lock.obj (.ebss:__lock)
                  0000c534    00000002                       : _lock.obj (.ebss:__unlock)
                  0000c536    00000001                       : errno.obj (.ebss)
                  0000c537    00000009     --HOLE--
                  0000c540    00000018     DSP2833x_CpuTimers.obj (.ebss)
                  0000c558    00000014     Dis_FSP.obj (.ebss)

.econst    1    0000e000    00000110     
                  0000e000    00000100     DSP2833x_PieVect.obj (.econst)
                  0000e100    00000010     main.obj (.econst)

.reset     0    003fffc0    00000002     DSECT
                  003fffc0    00000002     rts2800_fpu32.lib : boot.obj (.reset)

csm_rsvd   0    0033ff80    00000076     DSECT
                  0033ff80    00000076     DSP2833x_CSMPasswords.obj (csm_rsvd)

csmpasswds 
*          0    0033fff8    00000008     DSECT
                  0033fff8    00000008     DSP2833x_CSMPasswords.obj (csmpasswds)

CsmPwlFile 
*          1    0033fff8    00000008     UNINITIALIZED
                  0033fff8    00000008     DSP2833x_GlobalVariableDefs.obj (CsmPwlFile)


GLOBAL DATA SYMBOLS: SORTED BY DATA PAGE

address     data page           name
--------    ----------------    ----
00000400      10 (00000400)     __stack

00000880      22 (00000880)     _DevEmuRegs

00000a80      2a (00000a80)     _FlashRegs

00000ae0      2b (00000ac0)     _CsmRegs

00000b00      2c (00000b00)     _AdcMirror
00000b20      2c (00000b00)     _XintfRegs

00000c00      30 (00000c00)     _CpuTimer0Regs
00000c08      30 (00000c00)     _CpuTimer1Regs
00000c10      30 (00000c00)     _CpuTimer2Regs

00000ce0      33 (00000cc0)     _PieCtrlRegs

00000d00      34 (00000d00)     _PieVectTable

00001000      40 (00001000)     _DmaRegs

00005000     140 (00005000)     _McbspaRegs

00005040     141 (00005040)     _McbspbRegs

00006000     180 (00006000)     _ECanaRegs

00006040     181 (00006040)     _ECanaLAMRegs

00006080     182 (00006080)     _ECanaMOTSRegs

000060c0     183 (000060c0)     _ECanaMOTORegs

00006100     184 (00006100)     _ECanaMboxes

00006200     188 (00006200)     _ECanbRegs

00006240     189 (00006240)     _ECanbLAMRegs

00006280     18a (00006280)     _ECanbMOTSRegs

000062c0     18b (000062c0)     _ECanbMOTORegs

00006300     18c (00006300)     _ECanbMboxes

00006800     1a0 (00006800)     _EPwm1Regs

00006840     1a1 (00006840)     _EPwm2Regs

00006880     1a2 (00006880)     _EPwm3Regs

000068c0     1a3 (000068c0)     _EPwm4Regs

00006900     1a4 (00006900)     _EPwm5Regs

00006940     1a5 (00006940)     _EPwm6Regs

00006a00     1a8 (00006a00)     _ECap1Regs
00006a20     1a8 (00006a00)     _ECap2Regs

00006a40     1a9 (00006a40)     _ECap3Regs
00006a60     1a9 (00006a40)     _ECap4Regs

00006a80     1aa (00006a80)     _ECap5Regs
00006aa0     1aa (00006a80)     _ECap6Regs

00006b00     1ac (00006b00)     _EQep1Regs

00006b40     1ad (00006b40)     _EQep2Regs

00006f80     1be (00006f80)     _GpioCtrlRegs

00006fc0     1bf (00006fc0)     _GpioDataRegs
00006fe0     1bf (00006fc0)     _GpioIntRegs

00007010     1c0 (00007000)     _SysCtrlRegs

00007040     1c1 (00007040)     _SpiaRegs
00007050     1c1 (00007040)     _SciaRegs
00007070     1c1 (00007040)     _XIntruptRegs

00007100     1c4 (00007100)     _AdcRegs

00007750     1dd (00007740)     _ScibRegs
00007770     1dd (00007740)     _ScicRegs

00007900     1e4 (00007900)     _I2caRegs

0000c500     314 (0000c500)     _ADC1_DATA
0000c501     314 (0000c500)     _adj_f_flag
0000c502     314 (0000c500)     _adj_sp_flag
0000c503     314 (0000c500)     _key3_laststate
0000c504     314 (0000c500)     _k2
0000c505     314 (0000c500)     _k3
0000c506     314 (0000c500)     _ADC0_DATA
0000c507     314 (0000c500)     _key_B
0000c508     314 (0000c500)     _key1_currentstate
0000c509     314 (0000c500)     _sp_dis
0000c50a     314 (0000c500)     _key_A
0000c50b     314 (0000c500)     _key3_currentstate
0000c50c     314 (0000c500)     _k1
0000c50d     314 (0000c500)     _f_dis
0000c50e     314 (0000c500)     _epwm2_tbprd
0000c50f     314 (0000c500)     _epwm2_cmpa
0000c510     314 (0000c500)     _AKL
0000c511     314 (0000c500)     _AN
0000c512     314 (0000c500)     _BN
0000c513     314 (0000c500)     _key1_laststate
0000c514     314 (0000c500)     _BKL
0000c515     314 (0000c500)     _epwm1_cmpa
0000c516     314 (0000c500)     _epwm2_g_tbprd
0000c517     314 (0000c500)     _epwm1_tbprd
0000c518     314 (0000c500)     _phase_value
0000c51a     314 (0000c500)     _current_freq
0000c51c     314 (0000c500)     _AM
0000c51e     314 (0000c500)     _pwm_half_per
0000c520     314 (0000c500)     _BM
0000c522     314 (0000c500)     _temp_PRD
0000c524     314 (0000c500)     _pwm_PRD_next
0000c526     314 (0000c500)     _sp_pwm
0000c528     314 (0000c500)     _Send_flag
0000c52a     314 (0000c500)     _pwm_PRD
0000c52c     314 (0000c500)     _f_pwm
0000c52e     314 (0000c500)     ___TI_cleanup_ptr
0000c530     314 (0000c500)     ___TI_dtors_ptr
0000c532     314 (0000c500)     __lock
0000c534     314 (0000c500)     __unlock
0000c536     314 (0000c500)     _errno

0000c540     315 (0000c540)     _CpuTimer1
0000c548     315 (0000c540)     _CpuTimer2
0000c550     315 (0000c540)     _CpuTimer0
0000c558     315 (0000c540)     _SEGData
0000c562     315 (0000c540)     _SEGDataDp

0000e000     380 (0000e000)     _PieVectTableInit

0033fff8    cfff (0033ffc0)     _CsmPwl


GLOBAL SYMBOLS: SORTED ALPHABETICALLY BY Name 

page  address   name                     
----  -------   ----                     
0     00009500  .text                    
0     0000a9cd  C$$EXIT                  
0     0000a41c  FD$$ADD                  
0     0000a4b8  FD$$DIV                  
0     0000a5cb  FD$$MPY                  
0     0000aa29  FD$$SUB                  
0     0000a99a  FD$$TOU                  
0     0000a97f  FD$$TOUL                 
0     0000a543  FS$$DIV                  
0     0000a963  FS$$TOFD                 
0     0000a908  I$$DIV                   
0     0000a919  I$$MOD                   
0     0000a92a  I$$TOFD                  
0     0000aa37  U$$DIV                   
0     0000aa3c  U$$MOD                   
0     0000a9e6  U$$TOFD                  
0     0000aa13  UL$$TOFD                 
1     0000c506  _ADC0_DATA               
1     0000c500  _ADC1_DATA               
0     00009caf  _ADCINT_ISR              
0     00380080  _ADC_cal                 
1     0000c510  _AKL                     
1     0000c51c  _AM                      
1     0000c511  _AN                      
0     0000a0c8  _A_Display               
1     00000b00  _AdcMirror               
1     00007100  _AdcRegs                 
0     0000956b  _Adj_PWM                 
1     0000c514  _BKL                     
1     0000c520  _BM                      
1     0000c512  _BN                      
0     000095a1  _Calcu_slop              
0     0000a68f  _ConfigCpuTimer          
0     0000a836  _Config_ADC              
1     0000c550  _CpuTimer0               
1     00000c00  _CpuTimer0Regs           
1     0000c540  _CpuTimer1               
1     00000c08  _CpuTimer1Regs           
1     0000c548  _CpuTimer2               
1     00000c10  _CpuTimer2Regs           
1     0033fff8  _CsmPwl                  
1     00000ae0  _CsmRegs                 
0     0000a3eb  _CsmUnlock               
0     00009bdd  _DATALOG_ISR             
0     0000954a  _DELAY                   
0     00009dd1  _DINTCH1_ISR             
0     00009ddb  _DINTCH2_ISR             
0     00009de5  _DINTCH3_ISR             
0     00009def  _DINTCH4_ISR             
0     00009df9  _DINTCH5_ISR             
0     00009e03  _DINTCH6_ISR             
0     0000aa53  _DSP28x_DisableInt       
0     0000aa57  _DSP28x_RestoreInt       
0     000080b6  _DSP28x_usDelay          
1     00000880  _DevEmuRegs              
0     0000a337  _DisableDog              
1     00001000  _DmaRegs                 
0     00009e5d  _ECAN0INTA_ISR           
0     00009e71  _ECAN0INTB_ISR           
0     00009e67  _ECAN1INTA_ISR           
0     00009e7b  _ECAN1INTB_ISR           
0     00009d45  _ECAP1_INT_ISR           
0     00009d4f  _ECAP2_INT_ISR           
0     00009d59  _ECAP3_INT_ISR           
0     00009d63  _ECAP4_INT_ISR           
0     00009d6d  _ECAP5_INT_ISR           
0     00009d77  _ECAP6_INT_ISR           
1     00006040  _ECanaLAMRegs            
1     000060c0  _ECanaMOTORegs           
1     00006080  _ECanaMOTSRegs           
1     00006100  _ECanaMboxes             
1     00006000  _ECanaRegs               
1     00006240  _ECanbLAMRegs            
1     000062c0  _ECanbMOTORegs           
1     00006280  _ECanbMOTSRegs           
1     00006300  _ECanbMboxes             
1     00006200  _ECanbRegs               
1     00006a00  _ECap1Regs               
1     00006a20  _ECap2Regs               
1     00006a40  _ECap3Regs               
1     00006a60  _ECap4Regs               
1     00006a80  _ECap5Regs               
1     00006aa0  _ECap6Regs               
0     00009ecb  _EMPTY_ISR               
0     00009bf1  _EMUINT_ISR              
0     00009aa0  _EPWM1_INIT              
0     00009d09  _EPWM1_INT_ISR           
0     0000983e  _EPWM1_SetPwm_Freq_Occupy
0     000097cf  _EPWM1_SetPwm_Freq_PWidth
0     00009ccd  _EPWM1_TZINT_ISR         
0     00009b33  _EPWM2_INIT              
0     00009d13  _EPWM2_INT_ISR           
0     000098f7  _EPWM2_SetPwm_Freq_Occupy
0     00009803  _EPWM2_SetPwm_Freq_PWidth
0     00009cd7  _EPWM2_TZINT_ISR         
0     00009d1d  _EPWM3_INT_ISR           
0     00009ce1  _EPWM3_TZINT_ISR         
0     00009d27  _EPWM4_INT_ISR           
0     00009ceb  _EPWM4_TZINT_ISR         
0     00009d31  _EPWM5_INT_ISR           
0     00009cf5  _EPWM5_TZINT_ISR         
0     00009d3b  _EPWM6_INT_ISR           
0     00009cff  _EPWM6_TZINT_ISR         
1     00006800  _EPwm1Regs               
1     00006840  _EPwm2Regs               
1     00006880  _EPwm3Regs               
1     000068c0  _EPwm4Regs               
1     00006900  _EPwm5Regs               
1     00006940  _EPwm6Regs               
0     00009d81  _EQEP1_INT_ISR           
0     00009d8b  _EQEP2_INT_ISR           
1     00006b00  _EQep1Regs               
1     00006b40  _EQep2Regs               
0     0000a8dd  _EnableInterrupts        
0     00009fd5  _F_Display               
1     00000a80  _FlashRegs               
0     00009a4b  _GPIO_INIT               
1     00006f80  _GpioCtrlRegs            
1     00006fc0  _GpioDataRegs            
1     00006fe0  _GpioIntRegs             
0     00009e0d  _I2CINT1A_ISR            
0     00009e17  _I2CINT2A_ISR            
1     00007900  _I2caRegs                
0     00009c05  _ILLEGAL_ISR             
0     00009bc9  _INT13_ISR               
0     00009bd3  _INT14_ISR               
0     0000a947  _ISRTimer0               
0     0000a2e4  _I_Display               
0     0000a822  _InitAdc                 
0     0000a64e  _InitCpuTimers           
0     0000a390  _InitPeripheralClocks    
0     0000a8be  _InitPieCtrl             
0     0000a8e6  _InitPieVectTable        
0     0000a33f  _InitPll                 
0     0000a324  _InitSysCtrl             
0     00009eec  _Init_FSPLED_GPIO        
0     0000a890  _Init_KEY_GPIO           
0     0000a108  _Init_VILED_GPIO         
0     00009ec1  _LUF_ISR                 
0     00009eb7  _LVF_ISR                 
0     00009dbd  _MRINTA_ISR              
0     00009da9  _MRINTB_ISR              
0     00009dc7  _MXINTA_ISR              
0     00009db3  _MXINTB_ISR              
1     00005000  _McbspaRegs              
1     00005040  _McbspbRegs              
0     00009bfb  _NMI_ISR                 
0     00009ed8  _PIE_RESERVED            
1     00000ce0  _PieCtrlRegs             
1     00000d00  _PieVectTable            
1     0000e000  _PieVectTableInit        
0     00009be7  _RTOSINT_ISR             
0     00009500  _Read_ADC0               
0     00009525  _Read_ADC1               
0     00009e35  _SCIRXINTA_ISR           
0     00009e49  _SCIRXINTB_ISR           
0     00009e21  _SCIRXINTC_ISR           
0     00009e3f  _SCITXINTA_ISR           
0     00009e53  _SCITXINTB_ISR           
0     00009e2b  _SCITXINTC_ISR           
1     0000c558  _SEGData                 
1     0000c562  _SEGDataDp               
0     00009c87  _SEQ1INT_ISR             
0     00009c91  _SEQ2INT_ISR             
0     00009d95  _SPIRXINTA_ISR           
0     00009d9f  _SPITXINTA_ISR           
1     00007050  _SciaRegs                
1     00007750  _ScibRegs                
1     00007770  _ScicRegs                
1     0000c528  _Send_flag               
0     0000a32d  _ServiceDog              
0     0000aa5a  _SetDBGIER               
0     000099f7  _SetPhaseValue           
1     00007040  _SpiaRegs                
1     00007010  _SysCtrlRegs             
0     00009cb9  _TINT0_ISR               
0     0000a015  _TM1637_A_START          
0     0000a033  _TM1637_A_STOP           
0     0000a058  _TM1637_A_WriteBIT       
0     0000a07e  _TM1637_A_WriteByte      
0     0000a0bd  _TM1637_A_WriteCammand   
0     0000a0ae  _TM1637_A_WriteData      
0     00009f22  _TM1637_F_START          
0     00009f40  _TM1637_F_STOP           
0     00009f65  _TM1637_F_WriteBIT       
0     00009f8b  _TM1637_F_WriteByte      
0     00009fca  _TM1637_F_WriteCammand   
0     00009fbb  _TM1637_F_WriteData      
0     0000a231  _TM1637_I_START          
0     0000a24f  _TM1637_I_STOP           
0     0000a274  _TM1637_I_WriteBIT       
0     0000a29a  _TM1637_I_WriteByte      
0     0000a2d9  _TM1637_I_WriteCammand   
0     0000a2ca  _TM1637_I_WriteData      
0     0000a13e  _TM1637_V_START          
0     0000a15c  _TM1637_V_STOP           
0     0000a181  _TM1637_V_WriteBIT       
0     0000a1a7  _TM1637_V_WriteByte      
0     0000a1e6  _TM1637_V_WriteCammand   
0     0000a1d7  _TM1637_V_WriteData      
0     00009c69  _USER10_ISR              
0     00009c73  _USER11_ISR              
0     00009c7d  _USER12_ISR              
0     00009c0f  _USER1_ISR               
0     00009c19  _USER2_ISR               
0     00009c23  _USER3_ISR               
0     00009c2d  _USER4_ISR               
0     00009c37  _USER5_ISR               
0     00009c41  _USER6_ISR               
0     00009c4b  _USER7_ISR               
0     00009c55  _USER8_ISR               
0     00009c5f  _USER9_ISR               
0     0000a1f1  _V_Display               
0     00009cc3  _WAKEINT_ISR             
0     00009c9b  _XINT1_ISR               
0     00009ca5  _XINT2_ISR               
0     00009e85  _XINT3_ISR               
0     00009e8f  _XINT4_ISR               
0     00009e99  _XINT5_ISR               
0     00009ea3  _XINT6_ISR               
0     00009ead  _XINT7_ISR               
1     00007070  _XIntruptRegs            
1     00000b20  _XintfRegs               
1     00000700  __STACK_END              
abs   00000300  __STACK_SIZE             
1     0000c52e  ___TI_cleanup_ptr        
1     0000c530  ___TI_dtors_ptr          
abs   ffffffff  ___binit__               
abs   ffffffff  ___c_args__              
0     00008000  ___cinit__               
0     0000aa5d  ___etext__               
abs   ffffffff  ___pinit__               
0     00009500  ___text__                
0     0000a9b4  __args_main              
1     0000c532  __lock                   
0     0000a78c  __log                    
0     0000aa4a  __nop                    
0     0000aa46  __register_lock          
0     0000aa42  __register_unlock        
1     00000400  __stack                  
1     0000c534  __unlock                 
0     0000a9cd  _abort                   
1     0000c501  _adj_f_flag              
1     0000c502  _adj_sp_flag             
0     0000a7dc  _c_int00                 
1     0000c51a  _current_freq            
1     0000c515  _epwm1_cmpa              
1     0000c517  _epwm1_tbprd             
1     0000c50f  _epwm2_cmpa              
1     0000c516  _epwm2_g_tbprd           
1     0000c50e  _epwm2_tbprd             
1     0000c536  _errno                   
0     0000a9cf  _exit                    
0     0000a6c9  _exp                     
1     0000c50d  _f_dis                   
1     0000c52c  _f_pwm                   
0     0000a9fd  _frexp                   
1     0000c50c  _k1                      
1     0000c504  _k2                      
1     0000c505  _k3                      
1     0000c508  _key1_currentstate       
1     0000c513  _key1_laststate          
1     0000c50b  _key3_currentstate       
1     0000c503  _key3_laststate          
1     0000c50a  _key_A                   
1     0000c507  _key_B                   
0     0000a85c  _ldexp                   
0     000095fc  _main                    
1     0000c518  _phase_value             
0     0000a731  _pow                     
1     0000c52a  _pwm_PRD                 
1     0000c524  _pwm_PRD_next            
1     0000c51e  _pwm_half_per            
0     00009ee2  _rsvd_ISR                
1     0000c509  _sp_dis                  
1     0000c526  _sp_pwm                  
1     0000c522  _temp_PRD                
abs   ffffffff  binit                    
0     00008000  cinit                    
0     00000000  code_start               
0     0000aa5d  etext                    
abs   ffffffff  pinit                    


GLOBAL SYMBOLS: SORTED BY Symbol Address 

page  address   name                     
----  -------   ----                     
0     00000000  code_start               
0     00008000  ___cinit__               
0     00008000  cinit                    
0     000080b6  _DSP28x_usDelay          
0     00009500  .text                    
0     00009500  _Read_ADC0               
0     00009500  ___text__                
0     00009525  _Read_ADC1               
0     0000954a  _DELAY                   
0     0000956b  _Adj_PWM                 
0     000095a1  _Calcu_slop              
0     000095fc  _main                    
0     000097cf  _EPWM1_SetPwm_Freq_PWidth
0     00009803  _EPWM2_SetPwm_Freq_PWidth
0     0000983e  _EPWM1_SetPwm_Freq_Occupy
0     000098f7  _EPWM2_SetPwm_Freq_Occupy
0     000099f7  _SetPhaseValue           
0     00009a4b  _GPIO_INIT               
0     00009aa0  _EPWM1_INIT              
0     00009b33  _EPWM2_INIT              
0     00009bc9  _INT13_ISR               
0     00009bd3  _INT14_ISR               
0     00009bdd  _DATALOG_ISR             
0     00009be7  _RTOSINT_ISR             
0     00009bf1  _EMUINT_ISR              
0     00009bfb  _NMI_ISR                 
0     00009c05  _ILLEGAL_ISR             
0     00009c0f  _USER1_ISR               
0     00009c19  _USER2_ISR               
0     00009c23  _USER3_ISR               
0     00009c2d  _USER4_ISR               
0     00009c37  _USER5_ISR               
0     00009c41  _USER6_ISR               
0     00009c4b  _USER7_ISR               
0     00009c55  _USER8_ISR               
0     00009c5f  _USER9_ISR               
0     00009c69  _USER10_ISR              
0     00009c73  _USER11_ISR              
0     00009c7d  _USER12_ISR              
0     00009c87  _SEQ1INT_ISR             
0     00009c91  _SEQ2INT_ISR             
0     00009c9b  _XINT1_ISR               
0     00009ca5  _XINT2_ISR               
0     00009caf  _ADCINT_ISR              
0     00009cb9  _TINT0_ISR               
0     00009cc3  _WAKEINT_ISR             
0     00009ccd  _EPWM1_TZINT_ISR         
0     00009cd7  _EPWM2_TZINT_ISR         
0     00009ce1  _EPWM3_TZINT_ISR         
0     00009ceb  _EPWM4_TZINT_ISR         
0     00009cf5  _EPWM5_TZINT_ISR         
0     00009cff  _EPWM6_TZINT_ISR         
0     00009d09  _EPWM1_INT_ISR           
0     00009d13  _EPWM2_INT_ISR           
0     00009d1d  _EPWM3_INT_ISR           
0     00009d27  _EPWM4_INT_ISR           
0     00009d31  _EPWM5_INT_ISR           
0     00009d3b  _EPWM6_INT_ISR           
0     00009d45  _ECAP1_INT_ISR           
0     00009d4f  _ECAP2_INT_ISR           
0     00009d59  _ECAP3_INT_ISR           
0     00009d63  _ECAP4_INT_ISR           
0     00009d6d  _ECAP5_INT_ISR           
0     00009d77  _ECAP6_INT_ISR           
0     00009d81  _EQEP1_INT_ISR           
0     00009d8b  _EQEP2_INT_ISR           
0     00009d95  _SPIRXINTA_ISR           
0     00009d9f  _SPITXINTA_ISR           
0     00009da9  _MRINTB_ISR              
0     00009db3  _MXINTB_ISR              
0     00009dbd  _MRINTA_ISR              
0     00009dc7  _MXINTA_ISR              
0     00009dd1  _DINTCH1_ISR             
0     00009ddb  _DINTCH2_ISR             
0     00009de5  _DINTCH3_ISR             
0     00009def  _DINTCH4_ISR             
0     00009df9  _DINTCH5_ISR             
0     00009e03  _DINTCH6_ISR             
0     00009e0d  _I2CINT1A_ISR            
0     00009e17  _I2CINT2A_ISR            
0     00009e21  _SCIRXINTC_ISR           
0     00009e2b  _SCITXINTC_ISR           
0     00009e35  _SCIRXINTA_ISR           
0     00009e3f  _SCITXINTA_ISR           
0     00009e49  _SCIRXINTB_ISR           
0     00009e53  _SCITXINTB_ISR           
0     00009e5d  _ECAN0INTA_ISR           
0     00009e67  _ECAN1INTA_ISR           
0     00009e71  _ECAN0INTB_ISR           
0     00009e7b  _ECAN1INTB_ISR           
0     00009e85  _XINT3_ISR               
0     00009e8f  _XINT4_ISR               
0     00009e99  _XINT5_ISR               
0     00009ea3  _XINT6_ISR               
0     00009ead  _XINT7_ISR               
0     00009eb7  _LVF_ISR                 
0     00009ec1  _LUF_ISR                 
0     00009ecb  _EMPTY_ISR               
0     00009ed8  _PIE_RESERVED            
0     00009ee2  _rsvd_ISR                
0     00009eec  _Init_FSPLED_GPIO        
0     00009f22  _TM1637_F_START          
0     00009f40  _TM1637_F_STOP           
0     00009f65  _TM1637_F_WriteBIT       
0     00009f8b  _TM1637_F_WriteByte      
0     00009fbb  _TM1637_F_WriteData      
0     00009fca  _TM1637_F_WriteCammand   
0     00009fd5  _F_Display               
0     0000a015  _TM1637_A_START          
0     0000a033  _TM1637_A_STOP           
0     0000a058  _TM1637_A_WriteBIT       
0     0000a07e  _TM1637_A_WriteByte      
0     0000a0ae  _TM1637_A_WriteData      
0     0000a0bd  _TM1637_A_WriteCammand   
0     0000a0c8  _A_Display               
0     0000a108  _Init_VILED_GPIO         
0     0000a13e  _TM1637_V_START          
0     0000a15c  _TM1637_V_STOP           
0     0000a181  _TM1637_V_WriteBIT       
0     0000a1a7  _TM1637_V_WriteByte      
0     0000a1d7  _TM1637_V_WriteData      
0     0000a1e6  _TM1637_V_WriteCammand   
0     0000a1f1  _V_Display               
0     0000a231  _TM1637_I_START          
0     0000a24f  _TM1637_I_STOP           
0     0000a274  _TM1637_I_WriteBIT       
0     0000a29a  _TM1637_I_WriteByte      
0     0000a2ca  _TM1637_I_WriteData      
0     0000a2d9  _TM1637_I_WriteCammand   
0     0000a2e4  _I_Display               
0     0000a324  _InitSysCtrl             
0     0000a32d  _ServiceDog              
0     0000a337  _DisableDog              
0     0000a33f  _InitPll                 
0     0000a390  _InitPeripheralClocks    
0     0000a3eb  _CsmUnlock               
0     0000a41c  FD$$ADD                  
0     0000a4b8  FD$$DIV                  
0     0000a543  FS$$DIV                  
0     0000a5cb  FD$$MPY                  
0     0000a64e  _InitCpuTimers           
0     0000a68f  _ConfigCpuTimer          
0     0000a6c9  _exp                     
0     0000a731  _pow                     
0     0000a78c  __log                    
0     0000a7dc  _c_int00                 
0     0000a822  _InitAdc                 
0     0000a836  _Config_ADC              
0     0000a85c  _ldexp                   
0     0000a890  _Init_KEY_GPIO           
0     0000a8be  _InitPieCtrl             
0     0000a8dd  _EnableInterrupts        
0     0000a8e6  _InitPieVectTable        
0     0000a908  I$$DIV                   
0     0000a919  I$$MOD                   
0     0000a92a  I$$TOFD                  
0     0000a947  _ISRTimer0               
0     0000a963  FS$$TOFD                 
0     0000a97f  FD$$TOUL                 
0     0000a99a  FD$$TOU                  
0     0000a9b4  __args_main              
0     0000a9cd  C$$EXIT                  
0     0000a9cd  _abort                   
0     0000a9cf  _exit                    
0     0000a9e6  U$$TOFD                  
0     0000a9fd  _frexp                   
0     0000aa13  UL$$TOFD                 
0     0000aa29  FD$$SUB                  
0     0000aa37  U$$DIV                   
0     0000aa3c  U$$MOD                   
0     0000aa42  __register_unlock        
0     0000aa46  __register_lock          
0     0000aa4a  __nop                    
0     0000aa53  _DSP28x_DisableInt       
0     0000aa57  _DSP28x_RestoreInt       
0     0000aa5a  _SetDBGIER               
0     0000aa5d  ___etext__               
0     0000aa5d  etext                    
0     00380080  _ADC_cal                 
1     00000400  __stack                  
1     00000700  __STACK_END              
1     00000880  _DevEmuRegs              
1     00000a80  _FlashRegs               
1     00000ae0  _CsmRegs                 
1     00000b00  _AdcMirror               
1     00000b20  _XintfRegs               
1     00000c00  _CpuTimer0Regs           
1     00000c08  _CpuTimer1Regs           
1     00000c10  _CpuTimer2Regs           
1     00000ce0  _PieCtrlRegs             
1     00000d00  _PieVectTable            
1     00001000  _DmaRegs                 
1     00005000  _McbspaRegs              
1     00005040  _McbspbRegs              
1     00006000  _ECanaRegs               
1     00006040  _ECanaLAMRegs            
1     00006080  _ECanaMOTSRegs           
1     000060c0  _ECanaMOTORegs           
1     00006100  _ECanaMboxes             
1     00006200  _ECanbRegs               
1     00006240  _ECanbLAMRegs            
1     00006280  _ECanbMOTSRegs           
1     000062c0  _ECanbMOTORegs           
1     00006300  _ECanbMboxes             
1     00006800  _EPwm1Regs               
1     00006840  _EPwm2Regs               
1     00006880  _EPwm3Regs               
1     000068c0  _EPwm4Regs               
1     00006900  _EPwm5Regs               
1     00006940  _EPwm6Regs               
1     00006a00  _ECap1Regs               
1     00006a20  _ECap2Regs               
1     00006a40  _ECap3Regs               
1     00006a60  _ECap4Regs               
1     00006a80  _ECap5Regs               
1     00006aa0  _ECap6Regs               
1     00006b00  _EQep1Regs               
1     00006b40  _EQep2Regs               
1     00006f80  _GpioCtrlRegs            
1     00006fc0  _GpioDataRegs            
1     00006fe0  _GpioIntRegs             
1     00007010  _SysCtrlRegs             
1     00007040  _SpiaRegs                
1     00007050  _SciaRegs                
1     00007070  _XIntruptRegs            
1     00007100  _AdcRegs                 
1     00007750  _ScibRegs                
1     00007770  _ScicRegs                
1     00007900  _I2caRegs                
1     0000c500  _ADC1_DATA               
1     0000c501  _adj_f_flag              
1     0000c502  _adj_sp_flag             
1     0000c503  _key3_laststate          
1     0000c504  _k2                      
1     0000c505  _k3                      
1     0000c506  _ADC0_DATA               
1     0000c507  _key_B                   
1     0000c508  _key1_currentstate       
1     0000c509  _sp_dis                  
1     0000c50a  _key_A                   
1     0000c50b  _key3_currentstate       
1     0000c50c  _k1                      
1     0000c50d  _f_dis                   
1     0000c50e  _epwm2_tbprd             
1     0000c50f  _epwm2_cmpa              
1     0000c510  _AKL                     
1     0000c511  _AN                      
1     0000c512  _BN                      
1     0000c513  _key1_laststate          
1     0000c514  _BKL                     
1     0000c515  _epwm1_cmpa              
1     0000c516  _epwm2_g_tbprd           
1     0000c517  _epwm1_tbprd             
1     0000c518  _phase_value             
1     0000c51a  _current_freq            
1     0000c51c  _AM                      
1     0000c51e  _pwm_half_per            
1     0000c520  _BM                      
1     0000c522  _temp_PRD                
1     0000c524  _pwm_PRD_next            
1     0000c526  _sp_pwm                  
1     0000c528  _Send_flag               
1     0000c52a  _pwm_PRD                 
1     0000c52c  _f_pwm                   
1     0000c52e  ___TI_cleanup_ptr        
1     0000c530  ___TI_dtors_ptr          
1     0000c532  __lock                   
1     0000c534  __unlock                 
1     0000c536  _errno                   
1     0000c540  _CpuTimer1               
1     0000c548  _CpuTimer2               
1     0000c550  _CpuTimer0               
1     0000c558  _SEGData                 
1     0000c562  _SEGDataDp               
1     0000e000  _PieVectTableInit        
1     0033fff8  _CsmPwl                  
abs   00000300  __STACK_SIZE             
abs   ffffffff  ___binit__               
abs   ffffffff  ___c_args__              
abs   ffffffff  ___pinit__               
abs   ffffffff  binit                    
abs   ffffffff  pinit                    

[282 symbols]
