<?xml version="1.0"?>
<link_info>
   <banner>TMS320C2000 Linker PC v6.4.6</banner>
   <copyright>Copyright (c) 1996-2015 Texas Instruments Incorporated</copyright>
   <link_time>0x5aa0defb</link_time>
   <link_errors>0x0</link_errors>
   <output_file>PWM_ADJ_OK.out</output_file>
   <entry_point>
      <name>_c_int00</name>
      <address>0xa7dc</address>
   </entry_point>
   <input_file_list>
      <input_file id="fl-2">
         <path>.\SRC\</path>
         <kind>object</kind>
         <file>DSP2833x_ADC_cal.obj</file>
         <name>DSP2833x_ADC_cal.obj</name>
      </input_file>
      <input_file id="fl-3">
         <path>.\SRC\</path>
         <kind>object</kind>
         <file>DSP2833x_Adc.obj</file>
         <name>DSP2833x_Adc.obj</name>
      </input_file>
      <input_file id="fl-4">
         <path>.\SRC\</path>
         <kind>object</kind>
         <file>DSP2833x_CSMPasswords.obj</file>
         <name>DSP2833x_CSMPasswords.obj</name>
      </input_file>
      <input_file id="fl-5">
         <path>.\SRC\</path>
         <kind>object</kind>
         <file>DSP2833x_CodeStartBranch.obj</file>
         <name>DSP2833x_CodeStartBranch.obj</name>
      </input_file>
      <input_file id="fl-6">
         <path>.\SRC\</path>
         <kind>object</kind>
         <file>DSP2833x_CpuTimers.obj</file>
         <name>DSP2833x_CpuTimers.obj</name>
      </input_file>
      <input_file id="fl-7">
         <path>.\SRC\</path>
         <kind>object</kind>
         <file>DSP2833x_DBGIER.obj</file>
         <name>DSP2833x_DBGIER.obj</name>
      </input_file>
      <input_file id="fl-8">
         <path>.\SRC\</path>
         <kind>object</kind>
         <file>DSP2833x_DMA.obj</file>
         <name>DSP2833x_DMA.obj</name>
      </input_file>
      <input_file id="fl-9">
         <path>.\SRC\</path>
         <kind>object</kind>
         <file>DSP2833x_DefaultIsr.obj</file>
         <name>DSP2833x_DefaultIsr.obj</name>
      </input_file>
      <input_file id="fl-a">
         <path>.\SRC\</path>
         <kind>object</kind>
         <file>DSP2833x_DisInt.obj</file>
         <name>DSP2833x_DisInt.obj</name>
      </input_file>
      <input_file id="fl-b">
         <path>.\SRC\</path>
         <kind>object</kind>
         <file>DSP2833x_ECan.obj</file>
         <name>DSP2833x_ECan.obj</name>
      </input_file>
      <input_file id="fl-c">
         <path>.\SRC\</path>
         <kind>object</kind>
         <file>DSP2833x_ECap.obj</file>
         <name>DSP2833x_ECap.obj</name>
      </input_file>
      <input_file id="fl-d">
         <path>.\SRC\</path>
         <kind>object</kind>
         <file>DSP2833x_EPwm.obj</file>
         <name>DSP2833x_EPwm.obj</name>
      </input_file>
      <input_file id="fl-e">
         <path>.\SRC\</path>
         <kind>object</kind>
         <file>DSP2833x_EQep.obj</file>
         <name>DSP2833x_EQep.obj</name>
      </input_file>
      <input_file id="fl-f">
         <path>.\SRC\</path>
         <kind>object</kind>
         <file>DSP2833x_GlobalVariableDefs.obj</file>
         <name>DSP2833x_GlobalVariableDefs.obj</name>
      </input_file>
      <input_file id="fl-10">
         <path>.\SRC\</path>
         <kind>object</kind>
         <file>DSP2833x_Gpio.obj</file>
         <name>DSP2833x_Gpio.obj</name>
      </input_file>
      <input_file id="fl-11">
         <path>.\SRC\</path>
         <kind>object</kind>
         <file>DSP2833x_I2C.obj</file>
         <name>DSP2833x_I2C.obj</name>
      </input_file>
      <input_file id="fl-12">
         <path>.\SRC\</path>
         <kind>object</kind>
         <file>DSP2833x_Mcbsp.obj</file>
         <name>DSP2833x_Mcbsp.obj</name>
      </input_file>
      <input_file id="fl-13">
         <path>.\SRC\</path>
         <kind>object</kind>
         <file>DSP2833x_MemCopy.obj</file>
         <name>DSP2833x_MemCopy.obj</name>
      </input_file>
      <input_file id="fl-14">
         <path>.\SRC\</path>
         <kind>object</kind>
         <file>DSP2833x_PieCtrl.obj</file>
         <name>DSP2833x_PieCtrl.obj</name>
      </input_file>
      <input_file id="fl-15">
         <path>.\SRC\</path>
         <kind>object</kind>
         <file>DSP2833x_PieVect.obj</file>
         <name>DSP2833x_PieVect.obj</name>
      </input_file>
      <input_file id="fl-16">
         <path>.\SRC\</path>
         <kind>object</kind>
         <file>DSP2833x_Sci.obj</file>
         <name>DSP2833x_Sci.obj</name>
      </input_file>
      <input_file id="fl-17">
         <path>.\SRC\</path>
         <kind>object</kind>
         <file>DSP2833x_Spi.obj</file>
         <name>DSP2833x_Spi.obj</name>
      </input_file>
      <input_file id="fl-18">
         <path>.\SRC\</path>
         <kind>object</kind>
         <file>DSP2833x_SysCtrl.obj</file>
         <name>DSP2833x_SysCtrl.obj</name>
      </input_file>
      <input_file id="fl-19">
         <path>.\SRC\</path>
         <kind>object</kind>
         <file>DSP2833x_Xintf.obj</file>
         <name>DSP2833x_Xintf.obj</name>
      </input_file>
      <input_file id="fl-1a">
         <path>.\SRC\</path>
         <kind>object</kind>
         <file>DSP2833x_usDelay.obj</file>
         <name>DSP2833x_usDelay.obj</name>
      </input_file>
      <input_file id="fl-1b">
         <path>.\SRC\</path>
         <kind>object</kind>
         <file>Dis_FSP.obj</file>
         <name>Dis_FSP.obj</name>
      </input_file>
      <input_file id="fl-1c">
         <path>.\SRC\</path>
         <kind>object</kind>
         <file>Dis_VI.obj</file>
         <name>Dis_VI.obj</name>
      </input_file>
      <input_file id="fl-1d">
         <path>.\SRC\</path>
         <kind>object</kind>
         <file>KEY.obj</file>
         <name>KEY.obj</name>
      </input_file>
      <input_file id="fl-1e">
         <path>.\SRC\</path>
         <kind>object</kind>
         <file>main.obj</file>
         <name>main.obj</name>
      </input_file>
      <input_file id="fl-29">
         <path>D:\opt\ti\ccsv6\tools\compiler\ti-cgt-c2000_6.4.6\lib\</path>
         <kind>archive</kind>
         <file>rts2800_fpu32.lib</file>
         <name>boot.obj</name>
      </input_file>
      <input_file id="fl-2a">
         <path>D:\opt\ti\ccsv6\tools\compiler\ti-cgt-c2000_6.4.6\lib\</path>
         <kind>archive</kind>
         <file>rts2800_fpu32.lib</file>
         <name>exit.obj</name>
      </input_file>
      <input_file id="fl-2b">
         <path>D:\opt\ti\ccsv6\tools\compiler\ti-cgt-c2000_6.4.6\lib\</path>
         <kind>archive</kind>
         <file>rts2800_fpu32.lib</file>
         <name>fd_div.obj</name>
      </input_file>
      <input_file id="fl-2c">
         <path>D:\opt\ti\ccsv6\tools\compiler\ti-cgt-c2000_6.4.6\lib\</path>
         <kind>archive</kind>
         <file>rts2800_fpu32.lib</file>
         <name>fd_mpy.obj</name>
      </input_file>
      <input_file id="fl-2d">
         <path>D:\opt\ti\ccsv6\tools\compiler\ti-cgt-c2000_6.4.6\lib\</path>
         <kind>archive</kind>
         <file>rts2800_fpu32.lib</file>
         <name>fd_sub.obj</name>
      </input_file>
      <input_file id="fl-2e">
         <path>D:\opt\ti\ccsv6\tools\compiler\ti-cgt-c2000_6.4.6\lib\</path>
         <kind>archive</kind>
         <file>rts2800_fpu32.lib</file>
         <name>fd_tou.obj</name>
      </input_file>
      <input_file id="fl-2f">
         <path>D:\opt\ti\ccsv6\tools\compiler\ti-cgt-c2000_6.4.6\lib\</path>
         <kind>archive</kind>
         <file>rts2800_fpu32.lib</file>
         <name>fd_toul.obj</name>
      </input_file>
      <input_file id="fl-30">
         <path>D:\opt\ti\ccsv6\tools\compiler\ti-cgt-c2000_6.4.6\lib\</path>
         <kind>archive</kind>
         <file>rts2800_fpu32.lib</file>
         <name>fs_div.obj</name>
      </input_file>
      <input_file id="fl-31">
         <path>D:\opt\ti\ccsv6\tools\compiler\ti-cgt-c2000_6.4.6\lib\</path>
         <kind>archive</kind>
         <file>rts2800_fpu32.lib</file>
         <name>fs_tofd.obj</name>
      </input_file>
      <input_file id="fl-32">
         <path>D:\opt\ti\ccsv6\tools\compiler\ti-cgt-c2000_6.4.6\lib\</path>
         <kind>archive</kind>
         <file>rts2800_fpu32.lib</file>
         <name>i_tofd.obj</name>
      </input_file>
      <input_file id="fl-33">
         <path>D:\opt\ti\ccsv6\tools\compiler\ti-cgt-c2000_6.4.6\lib\</path>
         <kind>archive</kind>
         <file>rts2800_fpu32.lib</file>
         <name>pow.obj</name>
      </input_file>
      <input_file id="fl-34">
         <path>D:\opt\ti\ccsv6\tools\compiler\ti-cgt-c2000_6.4.6\lib\</path>
         <kind>archive</kind>
         <file>rts2800_fpu32.lib</file>
         <name>u_div.obj</name>
      </input_file>
      <input_file id="fl-35">
         <path>D:\opt\ti\ccsv6\tools\compiler\ti-cgt-c2000_6.4.6\lib\</path>
         <kind>archive</kind>
         <file>rts2800_fpu32.lib</file>
         <name>u_tofd.obj</name>
      </input_file>
      <input_file id="fl-36">
         <path>D:\opt\ti\ccsv6\tools\compiler\ti-cgt-c2000_6.4.6\lib\</path>
         <kind>archive</kind>
         <file>rts2800_fpu32.lib</file>
         <name>ul_tofd.obj</name>
      </input_file>
      <input_file id="fl-37">
         <path>D:\opt\ti\ccsv6\tools\compiler\ti-cgt-c2000_6.4.6\lib\</path>
         <kind>archive</kind>
         <file>rts2800_fpu32.lib</file>
         <name>_lock.obj</name>
      </input_file>
      <input_file id="fl-38">
         <path>D:\opt\ti\ccsv6\tools\compiler\ti-cgt-c2000_6.4.6\lib\</path>
         <kind>archive</kind>
         <file>rts2800_fpu32.lib</file>
         <name>_log.obj</name>
      </input_file>
      <input_file id="fl-39">
         <path>D:\opt\ti\ccsv6\tools\compiler\ti-cgt-c2000_6.4.6\lib\</path>
         <kind>archive</kind>
         <file>rts2800_fpu32.lib</file>
         <name>args_main.obj</name>
      </input_file>
      <input_file id="fl-3a">
         <path>D:\opt\ti\ccsv6\tools\compiler\ti-cgt-c2000_6.4.6\lib\</path>
         <kind>archive</kind>
         <file>rts2800_fpu32.lib</file>
         <name>errno.obj</name>
      </input_file>
      <input_file id="fl-3b">
         <path>D:\opt\ti\ccsv6\tools\compiler\ti-cgt-c2000_6.4.6\lib\</path>
         <kind>archive</kind>
         <file>rts2800_fpu32.lib</file>
         <name>exp.obj</name>
      </input_file>
      <input_file id="fl-3c">
         <path>D:\opt\ti\ccsv6\tools\compiler\ti-cgt-c2000_6.4.6\lib\</path>
         <kind>archive</kind>
         <file>rts2800_fpu32.lib</file>
         <name>fd_add.obj</name>
      </input_file>
      <input_file id="fl-3d">
         <path>D:\opt\ti\ccsv6\tools\compiler\ti-cgt-c2000_6.4.6\lib\</path>
         <kind>archive</kind>
         <file>rts2800_fpu32.lib</file>
         <name>frexp.obj</name>
      </input_file>
      <input_file id="fl-3e">
         <path>D:\opt\ti\ccsv6\tools\compiler\ti-cgt-c2000_6.4.6\lib\</path>
         <kind>archive</kind>
         <file>rts2800_fpu32.lib</file>
         <name>i_div.obj</name>
      </input_file>
      <input_file id="fl-3f">
         <path>D:\opt\ti\ccsv6\tools\compiler\ti-cgt-c2000_6.4.6\lib\</path>
         <kind>archive</kind>
         <file>rts2800_fpu32.lib</file>
         <name>ldexp.obj</name>
      </input_file>
   </input_file_list>
   <object_component_list>
      <object_component id="oc-56">
         <name>codestart</name>
         <load_address>0x0</load_address>
         <run_address>0x0</run_address>
         <size>0x2</size>
         <input_file_ref idref="fl-5"/>
      </object_component>
      <object_component id="oc-f0">
         <name>ramfuncs</name>
         <load_address>0x80b6</load_address>
         <run_address>0x80b6</run_address>
         <size>0x4</size>
         <input_file_ref idref="fl-1a"/>
      </object_component>
      <object_component id="oc-186">
         <name>.text</name>
         <load_address>0x9500</load_address>
         <run_address>0x9500</run_address>
         <size>0x6c9</size>
         <input_file_ref idref="fl-1e"/>
      </object_component>
      <object_component id="oc-6c">
         <name>.text:retain</name>
         <load_address>0x9bc9</load_address>
         <run_address>0x9bc9</run_address>
         <size>0x323</size>
         <input_file_ref idref="fl-9"/>
      </object_component>
      <object_component id="oc-190">
         <name>.text</name>
         <load_address>0x9eec</load_address>
         <run_address>0x9eec</run_address>
         <size>0x21c</size>
         <input_file_ref idref="fl-1b"/>
      </object_component>
      <object_component id="oc-191">
         <name>.text</name>
         <load_address>0xa108</load_address>
         <run_address>0xa108</run_address>
         <size>0x21c</size>
         <input_file_ref idref="fl-1c"/>
      </object_component>
      <object_component id="oc-18a">
         <name>.text</name>
         <load_address>0xa324</load_address>
         <run_address>0xa324</run_address>
         <size>0xf8</size>
         <input_file_ref idref="fl-18"/>
      </object_component>
      <object_component id="oc-170">
         <name>.text</name>
         <load_address>0xa41c</load_address>
         <run_address>0xa41c</run_address>
         <size>0x9c</size>
         <input_file_ref idref="fl-3c"/>
      </object_component>
      <object_component id="oc-11c">
         <name>.text</name>
         <load_address>0xa4b8</load_address>
         <run_address>0xa4b8</run_address>
         <size>0x8b</size>
         <input_file_ref idref="fl-2b"/>
      </object_component>
      <object_component id="oc-135">
         <name>.text</name>
         <load_address>0xa543</load_address>
         <run_address>0xa543</run_address>
         <size>0x88</size>
         <input_file_ref idref="fl-30"/>
      </object_component>
      <object_component id="oc-121">
         <name>.text</name>
         <load_address>0xa5cb</load_address>
         <run_address>0xa5cb</run_address>
         <size>0x83</size>
         <input_file_ref idref="fl-2c"/>
      </object_component>
      <object_component id="oc-18d">
         <name>.text</name>
         <load_address>0xa64e</load_address>
         <run_address>0xa64e</run_address>
         <size>0x7b</size>
         <input_file_ref idref="fl-6"/>
      </object_component>
      <object_component id="oc-195">
         <name>.text</name>
         <load_address>0xa6c9</load_address>
         <run_address>0xa6c9</run_address>
         <size>0x68</size>
         <input_file_ref idref="fl-3b"/>
      </object_component>
      <object_component id="oc-189">
         <name>.text</name>
         <load_address>0xa731</load_address>
         <run_address>0xa731</run_address>
         <size>0x5b</size>
         <input_file_ref idref="fl-33"/>
      </object_component>
      <object_component id="oc-194">
         <name>.text</name>
         <load_address>0xa78c</load_address>
         <run_address>0xa78c</run_address>
         <size>0x50</size>
         <input_file_ref idref="fl-38"/>
      </object_component>
      <object_component id="oc-48">
         <name>.text</name>
         <load_address>0xa7dc</load_address>
         <run_address>0xa7dc</run_address>
         <size>0x46</size>
         <input_file_ref idref="fl-29"/>
      </object_component>
      <object_component id="oc-18f">
         <name>.text</name>
         <load_address>0xa822</load_address>
         <run_address>0xa822</run_address>
         <size>0x3a</size>
         <input_file_ref idref="fl-3"/>
      </object_component>
      <object_component id="oc-198">
         <name>.text</name>
         <load_address>0xa85c</load_address>
         <run_address>0xa85c</run_address>
         <size>0x34</size>
         <input_file_ref idref="fl-3f"/>
      </object_component>
      <object_component id="oc-18e">
         <name>.text</name>
         <load_address>0xa890</load_address>
         <run_address>0xa890</run_address>
         <size>0x2e</size>
         <input_file_ref idref="fl-1d"/>
      </object_component>
      <object_component id="oc-18b">
         <name>.text</name>
         <load_address>0xa8be</load_address>
         <run_address>0xa8be</run_address>
         <size>0x28</size>
         <input_file_ref idref="fl-14"/>
      </object_component>
      <object_component id="oc-18c">
         <name>.text</name>
         <load_address>0xa8e6</load_address>
         <run_address>0xa8e6</run_address>
         <size>0x22</size>
         <input_file_ref idref="fl-15"/>
      </object_component>
      <object_component id="oc-17a">
         <name>.text</name>
         <load_address>0xa908</load_address>
         <run_address>0xa908</run_address>
         <size>0x22</size>
         <input_file_ref idref="fl-3e"/>
      </object_component>
      <object_component id="oc-13f">
         <name>.text</name>
         <load_address>0xa92a</load_address>
         <run_address>0xa92a</run_address>
         <size>0x1d</size>
         <input_file_ref idref="fl-32"/>
      </object_component>
      <object_component id="oc-109">
         <name>.text:retain</name>
         <load_address>0xa947</load_address>
         <run_address>0xa947</run_address>
         <size>0x1c</size>
         <input_file_ref idref="fl-1e"/>
      </object_component>
      <object_component id="oc-13a">
         <name>.text</name>
         <load_address>0xa963</load_address>
         <run_address>0xa963</run_address>
         <size>0x1c</size>
         <input_file_ref idref="fl-31"/>
      </object_component>
      <object_component id="oc-130">
         <name>.text</name>
         <load_address>0xa97f</load_address>
         <run_address>0xa97f</run_address>
         <size>0x1b</size>
         <input_file_ref idref="fl-2f"/>
      </object_component>
      <object_component id="oc-12b">
         <name>.text</name>
         <load_address>0xa99a</load_address>
         <run_address>0xa99a</run_address>
         <size>0x1a</size>
         <input_file_ref idref="fl-2e"/>
      </object_component>
      <object_component id="oc-184">
         <name>.text</name>
         <load_address>0xa9b4</load_address>
         <run_address>0xa9b4</run_address>
         <size>0x19</size>
         <input_file_ref idref="fl-39"/>
      </object_component>
      <object_component id="oc-185">
         <name>.text</name>
         <load_address>0xa9cd</load_address>
         <run_address>0xa9cd</run_address>
         <size>0x19</size>
         <input_file_ref idref="fl-2a"/>
      </object_component>
      <object_component id="oc-14e">
         <name>.text</name>
         <load_address>0xa9e6</load_address>
         <run_address>0xa9e6</run_address>
         <size>0x17</size>
         <input_file_ref idref="fl-35"/>
      </object_component>
      <object_component id="oc-197">
         <name>.text</name>
         <load_address>0xa9fd</load_address>
         <run_address>0xa9fd</run_address>
         <size>0x16</size>
         <input_file_ref idref="fl-3d"/>
      </object_component>
      <object_component id="oc-153">
         <name>.text</name>
         <load_address>0xaa13</load_address>
         <run_address>0xaa13</run_address>
         <size>0x16</size>
         <input_file_ref idref="fl-36"/>
      </object_component>
      <object_component id="oc-126">
         <name>.text</name>
         <load_address>0xaa29</load_address>
         <run_address>0xaa29</run_address>
         <size>0xe</size>
         <input_file_ref idref="fl-2d"/>
      </object_component>
      <object_component id="oc-149">
         <name>.text</name>
         <load_address>0xaa37</load_address>
         <run_address>0xaa37</run_address>
         <size>0xb</size>
         <input_file_ref idref="fl-34"/>
      </object_component>
      <object_component id="oc-192">
         <name>.text</name>
         <load_address>0xaa42</load_address>
         <run_address>0xaa42</run_address>
         <size>0x9</size>
         <input_file_ref idref="fl-37"/>
      </object_component>
      <object_component id="oc-55">
         <name>.text</name>
         <load_address>0xaa4b</load_address>
         <run_address>0xaa4b</run_address>
         <size>0x8</size>
         <input_file_ref idref="fl-5"/>
      </object_component>
      <object_component id="oc-71">
         <name>.text</name>
         <load_address>0xaa53</load_address>
         <run_address>0xaa53</run_address>
         <size>0x7</size>
         <input_file_ref idref="fl-a"/>
      </object_component>
      <object_component id="oc-61">
         <name>.text</name>
         <load_address>0xaa5a</load_address>
         <run_address>0xaa5a</run_address>
         <size>0x3</size>
         <input_file_ref idref="fl-7"/>
      </object_component>
      <object_component id="oc-107">
         <name>.cinit</name>
         <load_address>0x8000</load_address>
         <run_address>0x8000</run_address>
         <size>0x82</size>
         <input_file_ref idref="fl-1e"/>
      </object_component>
      <object_component id="oc-f6">
         <name>.cinit</name>
         <load_address>0x8082</load_address>
         <run_address>0x8082</run_address>
         <size>0x1a</size>
         <input_file_ref idref="fl-1b"/>
      </object_component>
      <object_component id="oc-116">
         <name>.cinit</name>
         <load_address>0x809c</load_address>
         <run_address>0x809c</run_address>
         <size>0xa</size>
         <input_file_ref idref="fl-2a"/>
      </object_component>
      <object_component id="oc-188">
         <name>.cinit:__lock</name>
         <load_address>0x80a6</load_address>
         <run_address>0x80a6</run_address>
         <size>0x5</size>
         <input_file_ref idref="fl-37"/>
      </object_component>
      <object_component id="oc-193">
         <name>.cinit:__unlock</name>
         <load_address>0x80ab</load_address>
         <run_address>0x80ab</run_address>
         <size>0x5</size>
         <input_file_ref idref="fl-37"/>
      </object_component>
      <object_component id="oc-168">
         <name>.cinit</name>
         <load_address>0x80b0</load_address>
         <run_address>0x80b0</run_address>
         <size>0x4</size>
         <input_file_ref idref="fl-3a"/>
      </object_component>
      <object_component id="oc-10f">
         <name>.stack</name>
         <uninitialized>true</uninitialized>
         <run_address>0x400</run_address>
         <size>0x0</size>
         <input_file_ref idref="fl-29"/>
      </object_component>
      <object_component id="oc-1e9">
         <name>.stack</name>
         <uninitialized>true</uninitialized>
         <run_address>0x400</run_address>
         <size>0x0</size>
      </object_component>
      <object_component id="oc-5c">
         <name>.ebss</name>
         <uninitialized>true</uninitialized>
         <run_address>0xc540</run_address>
         <size>0x18</size>
         <input_file_ref idref="fl-6"/>
      </object_component>
      <object_component id="oc-f7">
         <name>.ebss</name>
         <uninitialized>true</uninitialized>
         <run_address>0xc558</run_address>
         <size>0x14</size>
         <input_file_ref idref="fl-1b"/>
      </object_component>
      <object_component id="oc-108">
         <name>.ebss</name>
         <uninitialized>true</uninitialized>
         <run_address>0xc500</run_address>
         <size>0x2e</size>
         <input_file_ref idref="fl-1e"/>
      </object_component>
      <object_component id="oc-117">
         <name>.ebss</name>
         <uninitialized>true</uninitialized>
         <run_address>0xc52e</run_address>
         <size>0x4</size>
         <input_file_ref idref="fl-2a"/>
      </object_component>
      <object_component id="oc-196">
         <name>.ebss:__unlock</name>
         <uninitialized>true</uninitialized>
         <run_address>0xc534</run_address>
         <size>0x2</size>
         <input_file_ref idref="fl-37"/>
      </object_component>
      <object_component id="oc-187">
         <name>.ebss:__lock</name>
         <uninitialized>true</uninitialized>
         <run_address>0xc532</run_address>
         <size>0x2</size>
         <input_file_ref idref="fl-37"/>
      </object_component>
      <object_component id="oc-169">
         <name>.ebss</name>
         <uninitialized>true</uninitialized>
         <run_address>0xc536</run_address>
         <size>0x1</size>
         <input_file_ref idref="fl-3a"/>
      </object_component>
      <object_component id="oc-d7">
         <name>.econst</name>
         <load_address>0xe000</load_address>
         <run_address>0xe000</run_address>
         <size>0x100</size>
         <input_file_ref idref="fl-15"/>
      </object_component>
      <object_component id="oc-10a">
         <name>.econst</name>
         <load_address>0xe100</load_address>
         <run_address>0xe100</run_address>
         <size>0x10</size>
         <input_file_ref idref="fl-1e"/>
      </object_component>
      <object_component id="oc-110">
         <name>.reset</name>
         <load_address>0x3fffc0</load_address>
         <run_address>0x3fffc0</run_address>
         <size>0x2</size>
         <input_file_ref idref="fl-29"/>
      </object_component>
      <object_component id="oc-54">
         <name>csm_rsvd</name>
         <load_address>0x33ff80</load_address>
         <run_address>0x33ff80</run_address>
         <size>0x76</size>
         <input_file_ref idref="fl-4"/>
      </object_component>
      <object_component id="oc-53">
         <name>csmpasswds</name>
         <load_address>0x33fff8</load_address>
         <run_address>0x33fff8</run_address>
         <size>0x8</size>
         <input_file_ref idref="fl-4"/>
      </object_component>
      <object_component id="oc-49">
         <name>.adc_cal</name>
         <load_address>0x380080</load_address>
         <run_address>0x380080</run_address>
         <size>0x7</size>
         <input_file_ref idref="fl-2"/>
      </object_component>
      <object_component id="oc-bb">
         <name>PieVectTableFile</name>
         <uninitialized>true</uninitialized>
         <run_address>0xd00</run_address>
         <size>0x100</size>
         <input_file_ref idref="fl-f"/>
      </object_component>
      <object_component id="oc-b7">
         <name>DevEmuRegsFile</name>
         <uninitialized>true</uninitialized>
         <run_address>0x880</run_address>
         <size>0xd0</size>
         <input_file_ref idref="fl-f"/>
      </object_component>
      <object_component id="oc-8d">
         <name>FlashRegsFile</name>
         <uninitialized>true</uninitialized>
         <run_address>0xa80</run_address>
         <size>0x8</size>
         <input_file_ref idref="fl-f"/>
      </object_component>
      <object_component id="oc-97">
         <name>CsmRegsFile</name>
         <uninitialized>true</uninitialized>
         <run_address>0xae0</run_address>
         <size>0x10</size>
         <input_file_ref idref="fl-f"/>
      </object_component>
      <object_component id="oc-96">
         <name>AdcMirrorFile</name>
         <uninitialized>true</uninitialized>
         <run_address>0xb00</run_address>
         <size>0x10</size>
         <input_file_ref idref="fl-f"/>
      </object_component>
      <object_component id="oc-9a">
         <name>XintfRegsFile</name>
         <uninitialized>true</uninitialized>
         <run_address>0xb20</run_address>
         <size>0x1e</size>
         <input_file_ref idref="fl-f"/>
      </object_component>
      <object_component id="oc-8e">
         <name>CpuTimer0RegsFile</name>
         <uninitialized>true</uninitialized>
         <run_address>0xc00</run_address>
         <size>0x8</size>
         <input_file_ref idref="fl-f"/>
      </object_component>
      <object_component id="oc-8c">
         <name>CpuTimer1RegsFile</name>
         <uninitialized>true</uninitialized>
         <run_address>0xc08</run_address>
         <size>0x8</size>
         <input_file_ref idref="fl-f"/>
      </object_component>
      <object_component id="oc-8b">
         <name>CpuTimer2RegsFile</name>
         <uninitialized>true</uninitialized>
         <run_address>0xc10</run_address>
         <size>0x8</size>
         <input_file_ref idref="fl-f"/>
      </object_component>
      <object_component id="oc-98">
         <name>PieCtrlRegsFile</name>
         <uninitialized>true</uninitialized>
         <run_address>0xce0</run_address>
         <size>0x1a</size>
         <input_file_ref idref="fl-f"/>
      </object_component>
      <object_component id="oc-b8">
         <name>DmaRegsFile</name>
         <uninitialized>true</uninitialized>
         <run_address>0x1000</run_address>
         <size>0xe0</size>
         <input_file_ref idref="fl-f"/>
      </object_component>
      <object_component id="oc-aa">
         <name>McbspaRegsFile</name>
         <uninitialized>true</uninitialized>
         <run_address>0x5000</run_address>
         <size>0x25</size>
         <input_file_ref idref="fl-f"/>
      </object_component>
      <object_component id="oc-ab">
         <name>McbspbRegsFile</name>
         <uninitialized>true</uninitialized>
         <run_address>0x5040</run_address>
         <size>0x25</size>
         <input_file_ref idref="fl-f"/>
      </object_component>
      <object_component id="oc-ae">
         <name>ECanaRegsFile</name>
         <uninitialized>true</uninitialized>
         <run_address>0x6000</run_address>
         <size>0x34</size>
         <input_file_ref idref="fl-f"/>
      </object_component>
      <object_component id="oc-b1">
         <name>ECanaLAMRegsFile</name>
         <uninitialized>true</uninitialized>
         <run_address>0x6040</run_address>
         <size>0x40</size>
         <input_file_ref idref="fl-f"/>
      </object_component>
      <object_component id="oc-ba">
         <name>ECanaMboxesFile</name>
         <uninitialized>true</uninitialized>
         <run_address>0x6100</run_address>
         <size>0x100</size>
         <input_file_ref idref="fl-f"/>
      </object_component>
      <object_component id="oc-b2">
         <name>ECanaMOTSRegsFile</name>
         <uninitialized>true</uninitialized>
         <run_address>0x6080</run_address>
         <size>0x40</size>
         <input_file_ref idref="fl-f"/>
      </object_component>
      <object_component id="oc-af">
         <name>ECanaMOTORegsFile</name>
         <uninitialized>true</uninitialized>
         <run_address>0x60c0</run_address>
         <size>0x40</size>
         <input_file_ref idref="fl-f"/>
      </object_component>
      <object_component id="oc-ad">
         <name>ECanbRegsFile</name>
         <uninitialized>true</uninitialized>
         <run_address>0x6200</run_address>
         <size>0x34</size>
         <input_file_ref idref="fl-f"/>
      </object_component>
      <object_component id="oc-b5">
         <name>ECanbLAMRegsFile</name>
         <uninitialized>true</uninitialized>
         <run_address>0x6240</run_address>
         <size>0x40</size>
         <input_file_ref idref="fl-f"/>
      </object_component>
      <object_component id="oc-b9">
         <name>ECanbMboxesFile</name>
         <uninitialized>true</uninitialized>
         <run_address>0x6300</run_address>
         <size>0x100</size>
         <input_file_ref idref="fl-f"/>
      </object_component>
      <object_component id="oc-b0">
         <name>ECanbMOTSRegsFile</name>
         <uninitialized>true</uninitialized>
         <run_address>0x6280</run_address>
         <size>0x40</size>
         <input_file_ref idref="fl-f"/>
      </object_component>
      <object_component id="oc-b3">
         <name>ECanbMOTORegsFile</name>
         <uninitialized>true</uninitialized>
         <run_address>0x62c0</run_address>
         <size>0x40</size>
         <input_file_ref idref="fl-f"/>
      </object_component>
      <object_component id="oc-a5">
         <name>EPwm1RegsFile</name>
         <uninitialized>true</uninitialized>
         <run_address>0x6800</run_address>
         <size>0x22</size>
         <input_file_ref idref="fl-f"/>
      </object_component>
      <object_component id="oc-a4">
         <name>EPwm2RegsFile</name>
         <uninitialized>true</uninitialized>
         <run_address>0x6840</run_address>
         <size>0x22</size>
         <input_file_ref idref="fl-f"/>
      </object_component>
      <object_component id="oc-a6">
         <name>EPwm3RegsFile</name>
         <uninitialized>true</uninitialized>
         <run_address>0x6880</run_address>
         <size>0x22</size>
         <input_file_ref idref="fl-f"/>
      </object_component>
      <object_component id="oc-a8">
         <name>EPwm4RegsFile</name>
         <uninitialized>true</uninitialized>
         <run_address>0x68c0</run_address>
         <size>0x22</size>
         <input_file_ref idref="fl-f"/>
      </object_component>
      <object_component id="oc-a7">
         <name>EPwm5RegsFile</name>
         <uninitialized>true</uninitialized>
         <run_address>0x6900</run_address>
         <size>0x22</size>
         <input_file_ref idref="fl-f"/>
      </object_component>
      <object_component id="oc-a9">
         <name>EPwm6RegsFile</name>
         <uninitialized>true</uninitialized>
         <run_address>0x6940</run_address>
         <size>0x22</size>
         <input_file_ref idref="fl-f"/>
      </object_component>
      <object_component id="oc-a1">
         <name>ECap1RegsFile</name>
         <uninitialized>true</uninitialized>
         <run_address>0x6a00</run_address>
         <size>0x20</size>
         <input_file_ref idref="fl-f"/>
      </object_component>
      <object_component id="oc-9d">
         <name>ECap2RegsFile</name>
         <uninitialized>true</uninitialized>
         <run_address>0x6a20</run_address>
         <size>0x20</size>
         <input_file_ref idref="fl-f"/>
      </object_component>
      <object_component id="oc-9e">
         <name>ECap3RegsFile</name>
         <uninitialized>true</uninitialized>
         <run_address>0x6a40</run_address>
         <size>0x20</size>
         <input_file_ref idref="fl-f"/>
      </object_component>
      <object_component id="oc-9b">
         <name>ECap4RegsFile</name>
         <uninitialized>true</uninitialized>
         <run_address>0x6a60</run_address>
         <size>0x20</size>
         <input_file_ref idref="fl-f"/>
      </object_component>
      <object_component id="oc-9c">
         <name>ECap5RegsFile</name>
         <uninitialized>true</uninitialized>
         <run_address>0x6a80</run_address>
         <size>0x20</size>
         <input_file_ref idref="fl-f"/>
      </object_component>
      <object_component id="oc-a2">
         <name>ECap6RegsFile</name>
         <uninitialized>true</uninitialized>
         <run_address>0x6aa0</run_address>
         <size>0x20</size>
         <input_file_ref idref="fl-f"/>
      </object_component>
      <object_component id="oc-b6">
         <name>EQep1RegsFile</name>
         <uninitialized>true</uninitialized>
         <run_address>0x6b00</run_address>
         <size>0x40</size>
         <input_file_ref idref="fl-f"/>
      </object_component>
      <object_component id="oc-b4">
         <name>EQep2RegsFile</name>
         <uninitialized>true</uninitialized>
         <run_address>0x6b40</run_address>
         <size>0x40</size>
         <input_file_ref idref="fl-f"/>
      </object_component>
      <object_component id="oc-ac">
         <name>GpioCtrlRegsFile</name>
         <uninitialized>true</uninitialized>
         <run_address>0x6f80</run_address>
         <size>0x2e</size>
         <input_file_ref idref="fl-f"/>
      </object_component>
      <object_component id="oc-9f">
         <name>GpioDataRegsFile</name>
         <uninitialized>true</uninitialized>
         <run_address>0x6fc0</run_address>
         <size>0x20</size>
         <input_file_ref idref="fl-f"/>
      </object_component>
      <object_component id="oc-90">
         <name>GpioIntRegsFile</name>
         <uninitialized>true</uninitialized>
         <run_address>0x6fe0</run_address>
         <size>0xa</size>
         <input_file_ref idref="fl-f"/>
      </object_component>
      <object_component id="oc-a0">
         <name>SysCtrlRegsFile</name>
         <uninitialized>true</uninitialized>
         <run_address>0x7010</run_address>
         <size>0x20</size>
         <input_file_ref idref="fl-f"/>
      </object_component>
      <object_component id="oc-93">
         <name>SpiaRegsFile</name>
         <uninitialized>true</uninitialized>
         <run_address>0x7040</run_address>
         <size>0x10</size>
         <input_file_ref idref="fl-f"/>
      </object_component>
      <object_component id="oc-94">
         <name>SciaRegsFile</name>
         <uninitialized>true</uninitialized>
         <run_address>0x7050</run_address>
         <size>0x10</size>
         <input_file_ref idref="fl-f"/>
      </object_component>
      <object_component id="oc-95">
         <name>XIntruptRegsFile</name>
         <uninitialized>true</uninitialized>
         <run_address>0x7070</run_address>
         <size>0x10</size>
         <input_file_ref idref="fl-f"/>
      </object_component>
      <object_component id="oc-99">
         <name>AdcRegsFile</name>
         <uninitialized>true</uninitialized>
         <run_address>0x7100</run_address>
         <size>0x1e</size>
         <input_file_ref idref="fl-f"/>
      </object_component>
      <object_component id="oc-92">
         <name>ScibRegsFile</name>
         <uninitialized>true</uninitialized>
         <run_address>0x7750</run_address>
         <size>0x10</size>
         <input_file_ref idref="fl-f"/>
      </object_component>
      <object_component id="oc-91">
         <name>ScicRegsFile</name>
         <uninitialized>true</uninitialized>
         <run_address>0x7770</run_address>
         <size>0x10</size>
         <input_file_ref idref="fl-f"/>
      </object_component>
      <object_component id="oc-a3">
         <name>I2caRegsFile</name>
         <uninitialized>true</uninitialized>
         <run_address>0x7900</run_address>
         <size>0x22</size>
         <input_file_ref idref="fl-f"/>
      </object_component>
      <object_component id="oc-8f">
         <name>CsmPwlFile</name>
         <uninitialized>true</uninitialized>
         <run_address>0x33fff8</run_address>
         <size>0x8</size>
         <input_file_ref idref="fl-f"/>
      </object_component>
      <object_component id="oc-4a">
         <name>.debug_info</name>
         <load_address>0x0</load_address>
         <run_address>0x0</run_address>
         <size>0xe5</size>
         <input_file_ref idref="fl-2"/>
      </object_component>
      <object_component id="oc-4e">
         <name>.debug_info</name>
         <load_address>0xe5</load_address>
         <run_address>0xe5</run_address>
         <size>0x1ebf</size>
         <input_file_ref idref="fl-3"/>
      </object_component>
      <object_component id="oc-57">
         <name>.debug_info</name>
         <load_address>0x1fa4</load_address>
         <run_address>0x1fa4</run_address>
         <size>0x120</size>
         <input_file_ref idref="fl-5"/>
      </object_component>
      <object_component id="oc-5b">
         <name>.debug_info</name>
         <load_address>0x20c4</load_address>
         <run_address>0x20c4</run_address>
         <size>0x9a2</size>
         <input_file_ref idref="fl-6"/>
      </object_component>
      <object_component id="oc-62">
         <name>.debug_info</name>
         <load_address>0x2a66</load_address>
         <run_address>0x2a66</run_address>
         <size>0xe3</size>
         <input_file_ref idref="fl-7"/>
      </object_component>
      <object_component id="oc-66">
         <name>.debug_info</name>
         <load_address>0x2b49</load_address>
         <run_address>0x2b49</run_address>
         <size>0x1721</size>
         <input_file_ref idref="fl-8"/>
      </object_component>
      <object_component id="oc-6b">
         <name>.debug_info</name>
         <load_address>0x426a</load_address>
         <run_address>0x426a</run_address>
         <size>0x22df</size>
         <input_file_ref idref="fl-9"/>
      </object_component>
      <object_component id="oc-72">
         <name>.debug_info</name>
         <load_address>0x6549</load_address>
         <run_address>0x6549</run_address>
         <size>0xe9</size>
         <input_file_ref idref="fl-a"/>
      </object_component>
      <object_component id="oc-76">
         <name>.debug_info</name>
         <load_address>0x6632</load_address>
         <run_address>0x6632</run_address>
         <size>0x5d82</size>
         <input_file_ref idref="fl-b"/>
      </object_component>
      <object_component id="oc-7b">
         <name>.debug_info</name>
         <load_address>0xc3b4</load_address>
         <run_address>0xc3b4</run_address>
         <size>0x1b90</size>
         <input_file_ref idref="fl-c"/>
      </object_component>
      <object_component id="oc-80">
         <name>.debug_info</name>
         <load_address>0xdf44</load_address>
         <run_address>0xdf44</run_address>
         <size>0x3abe</size>
         <input_file_ref idref="fl-d"/>
      </object_component>
      <object_component id="oc-85">
         <name>.debug_info</name>
         <load_address>0x11a02</load_address>
         <run_address>0x11a02</run_address>
         <size>0x1b90</size>
         <input_file_ref idref="fl-e"/>
      </object_component>
      <object_component id="oc-8a">
         <name>.debug_info</name>
         <load_address>0x13592</load_address>
         <run_address>0x13592</run_address>
         <size>0x13211</size>
         <input_file_ref idref="fl-f"/>
      </object_component>
      <object_component id="oc-bd">
         <name>.debug_info</name>
         <load_address>0x267a3</load_address>
         <run_address>0x267a3</run_address>
         <size>0x1b90</size>
         <input_file_ref idref="fl-10"/>
      </object_component>
      <object_component id="oc-c2">
         <name>.debug_info</name>
         <load_address>0x28333</load_address>
         <run_address>0x28333</run_address>
         <size>0x1b8f</size>
         <input_file_ref idref="fl-11"/>
      </object_component>
      <object_component id="oc-c7">
         <name>.debug_info</name>
         <load_address>0x29ec2</load_address>
         <run_address>0x29ec2</run_address>
         <size>0x49c1</size>
         <input_file_ref idref="fl-12"/>
      </object_component>
      <object_component id="oc-cc">
         <name>.debug_info</name>
         <load_address>0x2e883</load_address>
         <run_address>0x2e883</run_address>
         <size>0x361</size>
         <input_file_ref idref="fl-13"/>
      </object_component>
      <object_component id="oc-d1">
         <name>.debug_info</name>
         <load_address>0x2ebe4</load_address>
         <run_address>0x2ebe4</run_address>
         <size>0xb4a</size>
         <input_file_ref idref="fl-14"/>
      </object_component>
      <object_component id="oc-d6">
         <name>.debug_info</name>
         <load_address>0x2f72e</load_address>
         <run_address>0x2f72e</run_address>
         <size>0x22b4</size>
         <input_file_ref idref="fl-15"/>
      </object_component>
      <object_component id="oc-dc">
         <name>.debug_info</name>
         <load_address>0x319e2</load_address>
         <run_address>0x319e2</run_address>
         <size>0x1b8f</size>
         <input_file_ref idref="fl-16"/>
      </object_component>
      <object_component id="oc-e1">
         <name>.debug_info</name>
         <load_address>0x33571</load_address>
         <run_address>0x33571</run_address>
         <size>0x1b8f</size>
         <input_file_ref idref="fl-17"/>
      </object_component>
      <object_component id="oc-e6">
         <name>.debug_info</name>
         <load_address>0x35100</load_address>
         <run_address>0x35100</run_address>
         <size>0x1f7d</size>
         <input_file_ref idref="fl-18"/>
      </object_component>
      <object_component id="oc-eb">
         <name>.debug_info</name>
         <load_address>0x3707d</load_address>
         <run_address>0x3707d</run_address>
         <size>0x20fa</size>
         <input_file_ref idref="fl-19"/>
      </object_component>
      <object_component id="oc-f1">
         <name>.debug_info</name>
         <load_address>0x39177</load_address>
         <run_address>0x39177</run_address>
         <size>0xe5</size>
         <input_file_ref idref="fl-1a"/>
      </object_component>
      <object_component id="oc-f5">
         <name>.debug_info</name>
         <load_address>0x3925c</load_address>
         <run_address>0x3925c</run_address>
         <size>0x2a63</size>
         <input_file_ref idref="fl-1b"/>
      </object_component>
      <object_component id="oc-fc">
         <name>.debug_info</name>
         <load_address>0x3bcbf</load_address>
         <run_address>0x3bcbf</run_address>
         <size>0x2a36</size>
         <input_file_ref idref="fl-1c"/>
      </object_component>
      <object_component id="oc-101">
         <name>.debug_info</name>
         <load_address>0x3e6f5</load_address>
         <run_address>0x3e6f5</run_address>
         <size>0x1bd7</size>
         <input_file_ref idref="fl-1d"/>
      </object_component>
      <object_component id="oc-106">
         <name>.debug_info</name>
         <load_address>0x402cc</load_address>
         <run_address>0x402cc</run_address>
         <size>0x7021</size>
         <input_file_ref idref="fl-1e"/>
      </object_component>
      <object_component id="oc-111">
         <name>.debug_info</name>
         <load_address>0x472ed</load_address>
         <run_address>0x472ed</run_address>
         <size>0x10f</size>
         <input_file_ref idref="fl-29"/>
      </object_component>
      <object_component id="oc-115">
         <name>.debug_info</name>
         <load_address>0x473fc</load_address>
         <run_address>0x473fc</run_address>
         <size>0x4b8</size>
         <input_file_ref idref="fl-2a"/>
      </object_component>
      <object_component id="oc-11d">
         <name>.debug_info</name>
         <load_address>0x478b4</load_address>
         <run_address>0x478b4</run_address>
         <size>0xf1</size>
         <input_file_ref idref="fl-2b"/>
      </object_component>
      <object_component id="oc-122">
         <name>.debug_info</name>
         <load_address>0x479a5</load_address>
         <run_address>0x479a5</run_address>
         <size>0xf1</size>
         <input_file_ref idref="fl-2c"/>
      </object_component>
      <object_component id="oc-127">
         <name>.debug_info</name>
         <load_address>0x47a96</load_address>
         <run_address>0x47a96</run_address>
         <size>0xff</size>
         <input_file_ref idref="fl-2d"/>
      </object_component>
      <object_component id="oc-12c">
         <name>.debug_info</name>
         <load_address>0x47b95</load_address>
         <run_address>0x47b95</run_address>
         <size>0xf1</size>
         <input_file_ref idref="fl-2e"/>
      </object_component>
      <object_component id="oc-131">
         <name>.debug_info</name>
         <load_address>0x47c86</load_address>
         <run_address>0x47c86</run_address>
         <size>0xf4</size>
         <input_file_ref idref="fl-2f"/>
      </object_component>
      <object_component id="oc-136">
         <name>.debug_info</name>
         <load_address>0x47d7a</load_address>
         <run_address>0x47d7a</run_address>
         <size>0xf1</size>
         <input_file_ref idref="fl-30"/>
      </object_component>
      <object_component id="oc-13b">
         <name>.debug_info</name>
         <load_address>0x47e6b</load_address>
         <run_address>0x47e6b</run_address>
         <size>0xf7</size>
         <input_file_ref idref="fl-31"/>
      </object_component>
      <object_component id="oc-140">
         <name>.debug_info</name>
         <load_address>0x47f62</load_address>
         <run_address>0x47f62</run_address>
         <size>0xf1</size>
         <input_file_ref idref="fl-32"/>
      </object_component>
      <object_component id="oc-144">
         <name>.debug_info</name>
         <load_address>0x48053</load_address>
         <run_address>0x48053</run_address>
         <size>0x464</size>
         <input_file_ref idref="fl-33"/>
      </object_component>
      <object_component id="oc-14a">
         <name>.debug_info</name>
         <load_address>0x484b7</load_address>
         <run_address>0x484b7</run_address>
         <size>0x11e</size>
         <input_file_ref idref="fl-34"/>
      </object_component>
      <object_component id="oc-14f">
         <name>.debug_info</name>
         <load_address>0x485d5</load_address>
         <run_address>0x485d5</run_address>
         <size>0xf1</size>
         <input_file_ref idref="fl-35"/>
      </object_component>
      <object_component id="oc-154">
         <name>.debug_info</name>
         <load_address>0x486c6</load_address>
         <run_address>0x486c6</run_address>
         <size>0xf4</size>
         <input_file_ref idref="fl-36"/>
      </object_component>
      <object_component id="oc-158">
         <name>.debug_info</name>
         <load_address>0x487ba</load_address>
         <run_address>0x487ba</run_address>
         <size>0x4e2</size>
         <input_file_ref idref="fl-37"/>
      </object_component>
      <object_component id="oc-15d">
         <name>.debug_info</name>
         <load_address>0x48c9c</load_address>
         <run_address>0x48c9c</run_address>
         <size>0x425</size>
         <input_file_ref idref="fl-38"/>
      </object_component>
      <object_component id="oc-162">
         <name>.debug_info</name>
         <load_address>0x490c1</load_address>
         <run_address>0x490c1</run_address>
         <size>0x4af</size>
         <input_file_ref idref="fl-39"/>
      </object_component>
      <object_component id="oc-167">
         <name>.debug_info</name>
         <load_address>0x49570</load_address>
         <run_address>0x49570</run_address>
         <size>0x19c</size>
         <input_file_ref idref="fl-3a"/>
      </object_component>
      <object_component id="oc-16b">
         <name>.debug_info</name>
         <load_address>0x4970c</load_address>
         <run_address>0x4970c</run_address>
         <size>0x41c</size>
         <input_file_ref idref="fl-3b"/>
      </object_component>
      <object_component id="oc-171">
         <name>.debug_info</name>
         <load_address>0x49b28</load_address>
         <run_address>0x49b28</run_address>
         <size>0xf1</size>
         <input_file_ref idref="fl-3c"/>
      </object_component>
      <object_component id="oc-175">
         <name>.debug_info</name>
         <load_address>0x49c19</load_address>
         <run_address>0x49c19</run_address>
         <size>0x3fe</size>
         <input_file_ref idref="fl-3d"/>
      </object_component>
      <object_component id="oc-17b">
         <name>.debug_info</name>
         <load_address>0x4a017</load_address>
         <run_address>0x4a017</run_address>
         <size>0x11e</size>
         <input_file_ref idref="fl-3e"/>
      </object_component>
      <object_component id="oc-17f">
         <name>.debug_info</name>
         <load_address>0x4a135</load_address>
         <run_address>0x4a135</run_address>
         <size>0x40e</size>
         <input_file_ref idref="fl-3f"/>
      </object_component>
      <object_component id="oc-1ea">
         <name>.debug_info</name>
         <load_address>0x4a543</load_address>
         <run_address>0x4a543</run_address>
         <size>0x96</size>
      </object_component>
      <object_component id="oc-4b">
         <name>.debug_line</name>
         <load_address>0x0</load_address>
         <run_address>0x0</run_address>
         <size>0x4d</size>
         <input_file_ref idref="fl-2"/>
      </object_component>
      <object_component id="oc-50">
         <name>.debug_line</name>
         <load_address>0x4d</load_address>
         <run_address>0x4d</run_address>
         <size>0x7b</size>
         <input_file_ref idref="fl-3"/>
      </object_component>
      <object_component id="oc-58">
         <name>.debug_line</name>
         <load_address>0xc8</load_address>
         <run_address>0xc8</run_address>
         <size>0x65</size>
         <input_file_ref idref="fl-5"/>
      </object_component>
      <object_component id="oc-5e">
         <name>.debug_line</name>
         <load_address>0x12d</load_address>
         <run_address>0x12d</run_address>
         <size>0x8a</size>
         <input_file_ref idref="fl-6"/>
      </object_component>
      <object_component id="oc-63">
         <name>.debug_line</name>
         <load_address>0x1b7</load_address>
         <run_address>0x1b7</run_address>
         <size>0x4b</size>
         <input_file_ref idref="fl-7"/>
      </object_component>
      <object_component id="oc-68">
         <name>.debug_line</name>
         <load_address>0x202</load_address>
         <run_address>0x202</run_address>
         <size>0x36</size>
         <input_file_ref idref="fl-8"/>
      </object_component>
      <object_component id="oc-6e">
         <name>.debug_line</name>
         <load_address>0x238</load_address>
         <run_address>0x238</run_address>
         <size>0x760</size>
         <input_file_ref idref="fl-9"/>
      </object_component>
      <object_component id="oc-73">
         <name>.debug_line</name>
         <load_address>0x998</load_address>
         <run_address>0x998</run_address>
         <size>0x4f</size>
         <input_file_ref idref="fl-a"/>
      </object_component>
      <object_component id="oc-78">
         <name>.debug_line</name>
         <load_address>0x9e7</load_address>
         <run_address>0x9e7</run_address>
         <size>0x37</size>
         <input_file_ref idref="fl-b"/>
      </object_component>
      <object_component id="oc-7d">
         <name>.debug_line</name>
         <load_address>0xa1e</load_address>
         <run_address>0xa1e</run_address>
         <size>0x37</size>
         <input_file_ref idref="fl-c"/>
      </object_component>
      <object_component id="oc-82">
         <name>.debug_line</name>
         <load_address>0xa55</load_address>
         <run_address>0xa55</run_address>
         <size>0x37</size>
         <input_file_ref idref="fl-d"/>
      </object_component>
      <object_component id="oc-87">
         <name>.debug_line</name>
         <load_address>0xa8c</load_address>
         <run_address>0xa8c</run_address>
         <size>0x37</size>
         <input_file_ref idref="fl-e"/>
      </object_component>
      <object_component id="oc-bf">
         <name>.debug_line</name>
         <load_address>0xac3</load_address>
         <run_address>0xac3</run_address>
         <size>0x37</size>
         <input_file_ref idref="fl-10"/>
      </object_component>
      <object_component id="oc-c4">
         <name>.debug_line</name>
         <load_address>0xafa</load_address>
         <run_address>0xafa</run_address>
         <size>0x36</size>
         <input_file_ref idref="fl-11"/>
      </object_component>
      <object_component id="oc-c9">
         <name>.debug_line</name>
         <load_address>0xb30</load_address>
         <run_address>0xb30</run_address>
         <size>0x38</size>
         <input_file_ref idref="fl-12"/>
      </object_component>
      <object_component id="oc-ce">
         <name>.debug_line</name>
         <load_address>0xb68</load_address>
         <run_address>0xb68</run_address>
         <size>0x3a</size>
         <input_file_ref idref="fl-13"/>
      </object_component>
      <object_component id="oc-d3">
         <name>.debug_line</name>
         <load_address>0xba2</load_address>
         <run_address>0xba2</run_address>
         <size>0x89</size>
         <input_file_ref idref="fl-14"/>
      </object_component>
      <object_component id="oc-d9">
         <name>.debug_line</name>
         <load_address>0xc2b</load_address>
         <run_address>0xc2b</run_address>
         <size>0x6c</size>
         <input_file_ref idref="fl-15"/>
      </object_component>
      <object_component id="oc-de">
         <name>.debug_line</name>
         <load_address>0xc97</load_address>
         <run_address>0xc97</run_address>
         <size>0x36</size>
         <input_file_ref idref="fl-16"/>
      </object_component>
      <object_component id="oc-e3">
         <name>.debug_line</name>
         <load_address>0xccd</load_address>
         <run_address>0xccd</run_address>
         <size>0x36</size>
         <input_file_ref idref="fl-17"/>
      </object_component>
      <object_component id="oc-e8">
         <name>.debug_line</name>
         <load_address>0xd03</load_address>
         <run_address>0xd03</run_address>
         <size>0x147</size>
         <input_file_ref idref="fl-18"/>
      </object_component>
      <object_component id="oc-ed">
         <name>.debug_line</name>
         <load_address>0xe4a</load_address>
         <run_address>0xe4a</run_address>
         <size>0x38</size>
         <input_file_ref idref="fl-19"/>
      </object_component>
      <object_component id="oc-f2">
         <name>.debug_line</name>
         <load_address>0xe82</load_address>
         <run_address>0xe82</run_address>
         <size>0x4c</size>
         <input_file_ref idref="fl-1a"/>
      </object_component>
      <object_component id="oc-f9">
         <name>.debug_line</name>
         <load_address>0xece</load_address>
         <run_address>0xece</run_address>
         <size>0x225</size>
         <input_file_ref idref="fl-1b"/>
      </object_component>
      <object_component id="oc-fe">
         <name>.debug_line</name>
         <load_address>0x10f3</load_address>
         <run_address>0x10f3</run_address>
         <size>0x223</size>
         <input_file_ref idref="fl-1c"/>
      </object_component>
      <object_component id="oc-103">
         <name>.debug_line</name>
         <load_address>0x1316</load_address>
         <run_address>0x1316</run_address>
         <size>0x58</size>
         <input_file_ref idref="fl-1d"/>
      </object_component>
      <object_component id="oc-10c">
         <name>.debug_line</name>
         <load_address>0x136e</load_address>
         <run_address>0x136e</run_address>
         <size>0x518</size>
         <input_file_ref idref="fl-1e"/>
      </object_component>
      <object_component id="oc-112">
         <name>.debug_line</name>
         <load_address>0x1886</load_address>
         <run_address>0x1886</run_address>
         <size>0x74</size>
         <input_file_ref idref="fl-29"/>
      </object_component>
      <object_component id="oc-119">
         <name>.debug_line</name>
         <load_address>0x18fa</load_address>
         <run_address>0x18fa</run_address>
         <size>0x65</size>
         <input_file_ref idref="fl-2a"/>
      </object_component>
      <object_component id="oc-11e">
         <name>.debug_line</name>
         <load_address>0x195f</load_address>
         <run_address>0x195f</run_address>
         <size>0xb3</size>
         <input_file_ref idref="fl-2b"/>
      </object_component>
      <object_component id="oc-123">
         <name>.debug_line</name>
         <load_address>0x1a12</load_address>
         <run_address>0x1a12</run_address>
         <size>0xa2</size>
         <input_file_ref idref="fl-2c"/>
      </object_component>
      <object_component id="oc-128">
         <name>.debug_line</name>
         <load_address>0x1ab4</load_address>
         <run_address>0x1ab4</run_address>
         <size>0x49</size>
         <input_file_ref idref="fl-2d"/>
      </object_component>
      <object_component id="oc-12d">
         <name>.debug_line</name>
         <load_address>0x1afd</load_address>
         <run_address>0x1afd</run_address>
         <size>0x54</size>
         <input_file_ref idref="fl-2e"/>
      </object_component>
      <object_component id="oc-132">
         <name>.debug_line</name>
         <load_address>0x1b51</load_address>
         <run_address>0x1b51</run_address>
         <size>0x57</size>
         <input_file_ref idref="fl-2f"/>
      </object_component>
      <object_component id="oc-137">
         <name>.debug_line</name>
         <load_address>0x1ba8</load_address>
         <run_address>0x1ba8</run_address>
         <size>0xad</size>
         <input_file_ref idref="fl-30"/>
      </object_component>
      <object_component id="oc-13c">
         <name>.debug_line</name>
         <load_address>0x1c55</load_address>
         <run_address>0x1c55</run_address>
         <size>0x58</size>
         <input_file_ref idref="fl-31"/>
      </object_component>
      <object_component id="oc-141">
         <name>.debug_line</name>
         <load_address>0x1cad</load_address>
         <run_address>0x1cad</run_address>
         <size>0x57</size>
         <input_file_ref idref="fl-32"/>
      </object_component>
      <object_component id="oc-146">
         <name>.debug_line</name>
         <load_address>0x1d04</load_address>
         <run_address>0x1d04</run_address>
         <size>0x63</size>
         <input_file_ref idref="fl-33"/>
      </object_component>
      <object_component id="oc-14b">
         <name>.debug_line</name>
         <load_address>0x1d67</load_address>
         <run_address>0x1d67</run_address>
         <size>0x4f</size>
         <input_file_ref idref="fl-34"/>
      </object_component>
      <object_component id="oc-150">
         <name>.debug_line</name>
         <load_address>0x1db6</load_address>
         <run_address>0x1db6</run_address>
         <size>0x52</size>
         <input_file_ref idref="fl-35"/>
      </object_component>
      <object_component id="oc-155">
         <name>.debug_line</name>
         <load_address>0x1e08</load_address>
         <run_address>0x1e08</run_address>
         <size>0x52</size>
         <input_file_ref idref="fl-36"/>
      </object_component>
      <object_component id="oc-15a">
         <name>.debug_line</name>
         <load_address>0x1e5a</load_address>
         <run_address>0x1e5a</run_address>
         <size>0x5e</size>
         <input_file_ref idref="fl-37"/>
      </object_component>
      <object_component id="oc-15f">
         <name>.debug_line</name>
         <load_address>0x1eb8</load_address>
         <run_address>0x1eb8</run_address>
         <size>0x52</size>
         <input_file_ref idref="fl-38"/>
      </object_component>
      <object_component id="oc-164">
         <name>.debug_line</name>
         <load_address>0x1f0a</load_address>
         <run_address>0x1f0a</run_address>
         <size>0x59</size>
         <input_file_ref idref="fl-39"/>
      </object_component>
      <object_component id="oc-16d">
         <name>.debug_line</name>
         <load_address>0x1f63</load_address>
         <run_address>0x1f63</run_address>
         <size>0x4e</size>
         <input_file_ref idref="fl-3b"/>
      </object_component>
      <object_component id="oc-172">
         <name>.debug_line</name>
         <load_address>0x1fb1</load_address>
         <run_address>0x1fb1</run_address>
         <size>0xc4</size>
         <input_file_ref idref="fl-3c"/>
      </object_component>
      <object_component id="oc-177">
         <name>.debug_line</name>
         <load_address>0x2075</load_address>
         <run_address>0x2075</run_address>
         <size>0x47</size>
         <input_file_ref idref="fl-3d"/>
      </object_component>
      <object_component id="oc-17c">
         <name>.debug_line</name>
         <load_address>0x20bc</load_address>
         <run_address>0x20bc</run_address>
         <size>0x69</size>
         <input_file_ref idref="fl-3e"/>
      </object_component>
      <object_component id="oc-181">
         <name>.debug_line</name>
         <load_address>0x2125</load_address>
         <run_address>0x2125</run_address>
         <size>0x51</size>
         <input_file_ref idref="fl-3f"/>
      </object_component>
      <object_component id="oc-4c">
         <name>.debug_abbrev</name>
         <load_address>0x0</load_address>
         <run_address>0x0</run_address>
         <size>0x2f</size>
         <input_file_ref idref="fl-2"/>
      </object_component>
      <object_component id="oc-51">
         <name>.debug_abbrev</name>
         <load_address>0x2f</load_address>
         <run_address>0x2f</run_address>
         <size>0x10f</size>
         <input_file_ref idref="fl-3"/>
      </object_component>
      <object_component id="oc-59">
         <name>.debug_abbrev</name>
         <load_address>0x13e</load_address>
         <run_address>0x13e</run_address>
         <size>0x21</size>
         <input_file_ref idref="fl-5"/>
      </object_component>
      <object_component id="oc-5f">
         <name>.debug_abbrev</name>
         <load_address>0x15f</load_address>
         <run_address>0x15f</run_address>
         <size>0xfd</size>
         <input_file_ref idref="fl-6"/>
      </object_component>
      <object_component id="oc-64">
         <name>.debug_abbrev</name>
         <load_address>0x25c</load_address>
         <run_address>0x25c</run_address>
         <size>0x2f</size>
         <input_file_ref idref="fl-7"/>
      </object_component>
      <object_component id="oc-69">
         <name>.debug_abbrev</name>
         <load_address>0x28b</load_address>
         <run_address>0x28b</run_address>
         <size>0x14f</size>
         <input_file_ref idref="fl-8"/>
      </object_component>
      <object_component id="oc-6f">
         <name>.debug_abbrev</name>
         <load_address>0x3da</load_address>
         <run_address>0x3da</run_address>
         <size>0xde</size>
         <input_file_ref idref="fl-9"/>
      </object_component>
      <object_component id="oc-74">
         <name>.debug_abbrev</name>
         <load_address>0x4b8</load_address>
         <run_address>0x4b8</run_address>
         <size>0x2f</size>
         <input_file_ref idref="fl-a"/>
      </object_component>
      <object_component id="oc-79">
         <name>.debug_abbrev</name>
         <load_address>0x4e7</load_address>
         <run_address>0x4e7</run_address>
         <size>0x151</size>
         <input_file_ref idref="fl-b"/>
      </object_component>
      <object_component id="oc-7e">
         <name>.debug_abbrev</name>
         <load_address>0x638</load_address>
         <run_address>0x638</run_address>
         <size>0xea</size>
         <input_file_ref idref="fl-c"/>
      </object_component>
      <object_component id="oc-83">
         <name>.debug_abbrev</name>
         <load_address>0x722</load_address>
         <run_address>0x722</run_address>
         <size>0x138</size>
         <input_file_ref idref="fl-d"/>
      </object_component>
      <object_component id="oc-88">
         <name>.debug_abbrev</name>
         <load_address>0x85a</load_address>
         <run_address>0x85a</run_address>
         <size>0xea</size>
         <input_file_ref idref="fl-e"/>
      </object_component>
      <object_component id="oc-bc">
         <name>.debug_abbrev</name>
         <load_address>0x944</load_address>
         <run_address>0x944</run_address>
         <size>0xb7</size>
         <input_file_ref idref="fl-f"/>
      </object_component>
      <object_component id="oc-c0">
         <name>.debug_abbrev</name>
         <load_address>0x9fb</load_address>
         <run_address>0x9fb</run_address>
         <size>0xdc</size>
         <input_file_ref idref="fl-10"/>
      </object_component>
      <object_component id="oc-c5">
         <name>.debug_abbrev</name>
         <load_address>0xad7</load_address>
         <run_address>0xad7</run_address>
         <size>0xdc</size>
         <input_file_ref idref="fl-11"/>
      </object_component>
      <object_component id="oc-ca">
         <name>.debug_abbrev</name>
         <load_address>0xbb3</load_address>
         <run_address>0xbb3</run_address>
         <size>0x146</size>
         <input_file_ref idref="fl-12"/>
      </object_component>
      <object_component id="oc-cf">
         <name>.debug_abbrev</name>
         <load_address>0xcf9</load_address>
         <run_address>0xcf9</run_address>
         <size>0x93</size>
         <input_file_ref idref="fl-13"/>
      </object_component>
      <object_component id="oc-d4">
         <name>.debug_abbrev</name>
         <load_address>0xd8c</load_address>
         <run_address>0xd8c</run_address>
         <size>0xc8</size>
         <input_file_ref idref="fl-14"/>
      </object_component>
      <object_component id="oc-da">
         <name>.debug_abbrev</name>
         <load_address>0xe54</load_address>
         <run_address>0xe54</run_address>
         <size>0x116</size>
         <input_file_ref idref="fl-15"/>
      </object_component>
      <object_component id="oc-df">
         <name>.debug_abbrev</name>
         <load_address>0xf6a</load_address>
         <run_address>0xf6a</run_address>
         <size>0xea</size>
         <input_file_ref idref="fl-16"/>
      </object_component>
      <object_component id="oc-e4">
         <name>.debug_abbrev</name>
         <load_address>0x1054</load_address>
         <run_address>0x1054</run_address>
         <size>0xea</size>
         <input_file_ref idref="fl-17"/>
      </object_component>
      <object_component id="oc-e9">
         <name>.debug_abbrev</name>
         <load_address>0x113e</load_address>
         <run_address>0x113e</run_address>
         <size>0x17b</size>
         <input_file_ref idref="fl-18"/>
      </object_component>
      <object_component id="oc-ee">
         <name>.debug_abbrev</name>
         <load_address>0x12b9</load_address>
         <run_address>0x12b9</run_address>
         <size>0xea</size>
         <input_file_ref idref="fl-19"/>
      </object_component>
      <object_component id="oc-f3">
         <name>.debug_abbrev</name>
         <load_address>0x13a3</load_address>
         <run_address>0x13a3</run_address>
         <size>0x2f</size>
         <input_file_ref idref="fl-1a"/>
      </object_component>
      <object_component id="oc-fa">
         <name>.debug_abbrev</name>
         <load_address>0x13d2</load_address>
         <run_address>0x13d2</run_address>
         <size>0x12d</size>
         <input_file_ref idref="fl-1b"/>
      </object_component>
      <object_component id="oc-ff">
         <name>.debug_abbrev</name>
         <load_address>0x14ff</load_address>
         <run_address>0x14ff</run_address>
         <size>0x12d</size>
         <input_file_ref idref="fl-1c"/>
      </object_component>
      <object_component id="oc-104">
         <name>.debug_abbrev</name>
         <load_address>0x162c</load_address>
         <run_address>0x162c</run_address>
         <size>0xdc</size>
         <input_file_ref idref="fl-1d"/>
      </object_component>
      <object_component id="oc-10d">
         <name>.debug_abbrev</name>
         <load_address>0x1708</load_address>
         <run_address>0x1708</run_address>
         <size>0x209</size>
         <input_file_ref idref="fl-1e"/>
      </object_component>
      <object_component id="oc-113">
         <name>.debug_abbrev</name>
         <load_address>0x1911</load_address>
         <run_address>0x1911</run_address>
         <size>0x46</size>
         <input_file_ref idref="fl-29"/>
      </object_component>
      <object_component id="oc-11a">
         <name>.debug_abbrev</name>
         <load_address>0x1957</load_address>
         <run_address>0x1957</run_address>
         <size>0x117</size>
         <input_file_ref idref="fl-2a"/>
      </object_component>
      <object_component id="oc-11f">
         <name>.debug_abbrev</name>
         <load_address>0x1a6e</load_address>
         <run_address>0x1a6e</run_address>
         <size>0x38</size>
         <input_file_ref idref="fl-2b"/>
      </object_component>
      <object_component id="oc-124">
         <name>.debug_abbrev</name>
         <load_address>0x1aa6</load_address>
         <run_address>0x1aa6</run_address>
         <size>0x38</size>
         <input_file_ref idref="fl-2c"/>
      </object_component>
      <object_component id="oc-129">
         <name>.debug_abbrev</name>
         <load_address>0x1ade</load_address>
         <run_address>0x1ade</run_address>
         <size>0x46</size>
         <input_file_ref idref="fl-2d"/>
      </object_component>
      <object_component id="oc-12e">
         <name>.debug_abbrev</name>
         <load_address>0x1b24</load_address>
         <run_address>0x1b24</run_address>
         <size>0x38</size>
         <input_file_ref idref="fl-2e"/>
      </object_component>
      <object_component id="oc-133">
         <name>.debug_abbrev</name>
         <load_address>0x1b5c</load_address>
         <run_address>0x1b5c</run_address>
         <size>0x38</size>
         <input_file_ref idref="fl-2f"/>
      </object_component>
      <object_component id="oc-138">
         <name>.debug_abbrev</name>
         <load_address>0x1b94</load_address>
         <run_address>0x1b94</run_address>
         <size>0x38</size>
         <input_file_ref idref="fl-30"/>
      </object_component>
      <object_component id="oc-13d">
         <name>.debug_abbrev</name>
         <load_address>0x1bcc</load_address>
         <run_address>0x1bcc</run_address>
         <size>0x38</size>
         <input_file_ref idref="fl-31"/>
      </object_component>
      <object_component id="oc-142">
         <name>.debug_abbrev</name>
         <load_address>0x1c04</load_address>
         <run_address>0x1c04</run_address>
         <size>0x38</size>
         <input_file_ref idref="fl-32"/>
      </object_component>
      <object_component id="oc-147">
         <name>.debug_abbrev</name>
         <load_address>0x1c3c</load_address>
         <run_address>0x1c3c</run_address>
         <size>0xcb</size>
         <input_file_ref idref="fl-33"/>
      </object_component>
      <object_component id="oc-14c">
         <name>.debug_abbrev</name>
         <load_address>0x1d07</load_address>
         <run_address>0x1d07</run_address>
         <size>0x38</size>
         <input_file_ref idref="fl-34"/>
      </object_component>
      <object_component id="oc-151">
         <name>.debug_abbrev</name>
         <load_address>0x1d3f</load_address>
         <run_address>0x1d3f</run_address>
         <size>0x38</size>
         <input_file_ref idref="fl-35"/>
      </object_component>
      <object_component id="oc-156">
         <name>.debug_abbrev</name>
         <load_address>0x1d77</load_address>
         <run_address>0x1d77</run_address>
         <size>0x38</size>
         <input_file_ref idref="fl-36"/>
      </object_component>
      <object_component id="oc-15b">
         <name>.debug_abbrev</name>
         <load_address>0x1daf</load_address>
         <run_address>0x1daf</run_address>
         <size>0xb2</size>
         <input_file_ref idref="fl-37"/>
      </object_component>
      <object_component id="oc-160">
         <name>.debug_abbrev</name>
         <load_address>0x1e61</load_address>
         <run_address>0x1e61</run_address>
         <size>0xb4</size>
         <input_file_ref idref="fl-38"/>
      </object_component>
      <object_component id="oc-165">
         <name>.debug_abbrev</name>
         <load_address>0x1f15</load_address>
         <run_address>0x1f15</run_address>
         <size>0xfe</size>
         <input_file_ref idref="fl-39"/>
      </object_component>
      <object_component id="oc-16a">
         <name>.debug_abbrev</name>
         <load_address>0x2013</load_address>
         <run_address>0x2013</run_address>
         <size>0x31</size>
         <input_file_ref idref="fl-3a"/>
      </object_component>
      <object_component id="oc-16e">
         <name>.debug_abbrev</name>
         <load_address>0x2044</load_address>
         <run_address>0x2044</run_address>
         <size>0xcb</size>
         <input_file_ref idref="fl-3b"/>
      </object_component>
      <object_component id="oc-173">
         <name>.debug_abbrev</name>
         <load_address>0x210f</load_address>
         <run_address>0x210f</run_address>
         <size>0x38</size>
         <input_file_ref idref="fl-3c"/>
      </object_component>
      <object_component id="oc-178">
         <name>.debug_abbrev</name>
         <load_address>0x2147</load_address>
         <run_address>0x2147</run_address>
         <size>0x9d</size>
         <input_file_ref idref="fl-3d"/>
      </object_component>
      <object_component id="oc-17d">
         <name>.debug_abbrev</name>
         <load_address>0x21e4</load_address>
         <run_address>0x21e4</run_address>
         <size>0x38</size>
         <input_file_ref idref="fl-3e"/>
      </object_component>
      <object_component id="oc-182">
         <name>.debug_abbrev</name>
         <load_address>0x221c</load_address>
         <run_address>0x221c</run_address>
         <size>0xa4</size>
         <input_file_ref idref="fl-3f"/>
      </object_component>
      <object_component id="oc-1eb">
         <name>.debug_abbrev</name>
         <load_address>0x22c0</load_address>
         <run_address>0x22c0</run_address>
         <size>0xf</size>
      </object_component>
      <object_component id="oc-4d">
         <name>.debug_aranges</name>
         <load_address>0x0</load_address>
         <run_address>0x0</run_address>
         <size>0x20</size>
         <input_file_ref idref="fl-2"/>
      </object_component>
      <object_component id="oc-52">
         <name>.debug_aranges</name>
         <load_address>0x20</load_address>
         <run_address>0x20</run_address>
         <size>0x28</size>
         <input_file_ref idref="fl-3"/>
      </object_component>
      <object_component id="oc-5a">
         <name>.debug_aranges</name>
         <load_address>0x48</load_address>
         <run_address>0x48</run_address>
         <size>0x28</size>
         <input_file_ref idref="fl-5"/>
      </object_component>
      <object_component id="oc-60">
         <name>.debug_aranges</name>
         <load_address>0x70</load_address>
         <run_address>0x70</run_address>
         <size>0x28</size>
         <input_file_ref idref="fl-6"/>
      </object_component>
      <object_component id="oc-65">
         <name>.debug_aranges</name>
         <load_address>0x98</load_address>
         <run_address>0x98</run_address>
         <size>0x20</size>
         <input_file_ref idref="fl-7"/>
      </object_component>
      <object_component id="oc-6a">
         <name>.debug_aranges</name>
         <load_address>0xb8</load_address>
         <run_address>0xb8</run_address>
         <size>0x18</size>
         <input_file_ref idref="fl-8"/>
      </object_component>
      <object_component id="oc-70">
         <name>.debug_aranges</name>
         <load_address>0xd0</load_address>
         <run_address>0xd0</run_address>
         <size>0x298</size>
         <input_file_ref idref="fl-9"/>
      </object_component>
      <object_component id="oc-75">
         <name>.debug_aranges</name>
         <load_address>0x368</load_address>
         <run_address>0x368</run_address>
         <size>0x20</size>
         <input_file_ref idref="fl-a"/>
      </object_component>
      <object_component id="oc-7a">
         <name>.debug_aranges</name>
         <load_address>0x388</load_address>
         <run_address>0x388</run_address>
         <size>0x18</size>
         <input_file_ref idref="fl-b"/>
      </object_component>
      <object_component id="oc-7f">
         <name>.debug_aranges</name>
         <load_address>0x3a0</load_address>
         <run_address>0x3a0</run_address>
         <size>0x18</size>
         <input_file_ref idref="fl-c"/>
      </object_component>
      <object_component id="oc-84">
         <name>.debug_aranges</name>
         <load_address>0x3b8</load_address>
         <run_address>0x3b8</run_address>
         <size>0x18</size>
         <input_file_ref idref="fl-d"/>
      </object_component>
      <object_component id="oc-89">
         <name>.debug_aranges</name>
         <load_address>0x3d0</load_address>
         <run_address>0x3d0</run_address>
         <size>0x18</size>
         <input_file_ref idref="fl-e"/>
      </object_component>
      <object_component id="oc-c1">
         <name>.debug_aranges</name>
[...]
         <object_component_ref idref="oc-18b"/>
      </symbol>
      <symbol id="sm-2a7">
         <name>_EnableInterrupts</name>
         <value>0xa8dd</value>
         <object_component_ref idref="oc-18b"/>
      </symbol>
      <symbol id="sm-2b8">
         <name>_PieVectTableInit</name>
         <value>0xe000</value>
         <object_component_ref idref="oc-d7"/>
      </symbol>
      <symbol id="sm-2b9">
         <name>_InitPieVectTable</name>
         <value>0xa8e6</value>
         <object_component_ref idref="oc-18c"/>
      </symbol>
      <symbol id="sm-2e3">
         <name>_InitPll</name>
         <value>0xa33f</value>
         <object_component_ref idref="oc-18a"/>
      </symbol>
      <symbol id="sm-2e4">
         <name>_DisableDog</name>
         <value>0xa337</value>
         <object_component_ref idref="oc-18a"/>
      </symbol>
      <symbol id="sm-2e5">
         <name>_InitPeripheralClocks</name>
         <value>0xa390</value>
         <object_component_ref idref="oc-18a"/>
      </symbol>
      <symbol id="sm-2e6">
         <name>_CsmUnlock</name>
         <value>0xa3eb</value>
         <object_component_ref idref="oc-18a"/>
      </symbol>
      <symbol id="sm-2e7">
         <name>_ServiceDog</name>
         <value>0xa32d</value>
         <object_component_ref idref="oc-18a"/>
      </symbol>
      <symbol id="sm-2e8">
         <name>_InitSysCtrl</name>
         <value>0xa324</value>
         <object_component_ref idref="oc-18a"/>
      </symbol>
      <symbol id="sm-2fe">
         <name>_DSP28x_usDelay</name>
         <value>0x80b6</value>
         <object_component_ref idref="oc-f0"/>
      </symbol>
      <symbol id="sm-319">
         <name>_TM1637_F_START</name>
         <value>0x9f22</value>
         <object_component_ref idref="oc-190"/>
      </symbol>
      <symbol id="sm-31a">
         <name>_SEGData</name>
         <value>0xc558</value>
         <object_component_ref idref="oc-f7"/>
      </symbol>
      <symbol id="sm-31b">
         <name>_TM1637_F_STOP</name>
         <value>0x9f40</value>
         <object_component_ref idref="oc-190"/>
      </symbol>
      <symbol id="sm-31c">
         <name>_TM1637_A_WriteCammand</name>
         <value>0xa0bd</value>
         <object_component_ref idref="oc-190"/>
      </symbol>
      <symbol id="sm-31d">
         <name>_TM1637_A_STOP</name>
         <value>0xa033</value>
         <object_component_ref idref="oc-190"/>
      </symbol>
      <symbol id="sm-31e">
         <name>_TM1637_F_WriteCammand</name>
         <value>0x9fca</value>
         <object_component_ref idref="oc-190"/>
      </symbol>
      <symbol id="sm-31f">
         <name>_A_Display</name>
         <value>0xa0c8</value>
         <object_component_ref idref="oc-190"/>
      </symbol>
      <symbol id="sm-320">
         <name>_F_Display</name>
         <value>0x9fd5</value>
         <object_component_ref idref="oc-190"/>
      </symbol>
      <symbol id="sm-321">
         <name>_TM1637_A_WriteData</name>
         <value>0xa0ae</value>
         <object_component_ref idref="oc-190"/>
      </symbol>
      <symbol id="sm-322">
         <name>_TM1637_F_WriteData</name>
         <value>0x9fbb</value>
         <object_component_ref idref="oc-190"/>
      </symbol>
      <symbol id="sm-323">
         <name>_TM1637_F_WriteBIT</name>
         <value>0x9f65</value>
         <object_component_ref idref="oc-190"/>
      </symbol>
      <symbol id="sm-324">
         <name>_TM1637_A_START</name>
         <value>0xa015</value>
         <object_component_ref idref="oc-190"/>
      </symbol>
      <symbol id="sm-325">
         <name>_TM1637_A_WriteBIT</name>
         <value>0xa058</value>
         <object_component_ref idref="oc-190"/>
      </symbol>
      <symbol id="sm-326">
         <name>_SEGDataDp</name>
         <value>0xc562</value>
         <object_component_ref idref="oc-f7"/>
      </symbol>
      <symbol id="sm-327">
         <name>_TM1637_A_WriteByte</name>
         <value>0xa07e</value>
         <object_component_ref idref="oc-190"/>
      </symbol>
      <symbol id="sm-328">
         <name>_Init_FSPLED_GPIO</name>
         <value>0x9eec</value>
         <object_component_ref idref="oc-190"/>
      </symbol>
      <symbol id="sm-329">
         <name>_TM1637_F_WriteByte</name>
         <value>0x9f8b</value>
         <object_component_ref idref="oc-190"/>
      </symbol>
      <symbol id="sm-33e">
         <name>_TM1637_V_WriteByte</name>
         <value>0xa1a7</value>
         <object_component_ref idref="oc-191"/>
      </symbol>
      <symbol id="sm-33f">
         <name>_TM1637_V_WriteCammand</name>
         <value>0xa1e6</value>
         <object_component_ref idref="oc-191"/>
      </symbol>
      <symbol id="sm-340">
         <name>_Init_VILED_GPIO</name>
         <value>0xa108</value>
         <object_component_ref idref="oc-191"/>
      </symbol>
      <symbol id="sm-341">
         <name>_TM1637_I_STOP</name>
         <value>0xa24f</value>
         <object_component_ref idref="oc-191"/>
      </symbol>
      <symbol id="sm-342">
         <name>_TM1637_V_STOP</name>
         <value>0xa15c</value>
         <object_component_ref idref="oc-191"/>
      </symbol>
      <symbol id="sm-343">
         <name>_V_Display</name>
         <value>0xa1f1</value>
         <object_component_ref idref="oc-191"/>
      </symbol>
      <symbol id="sm-344">
         <name>_TM1637_V_START</name>
         <value>0xa13e</value>
         <object_component_ref idref="oc-191"/>
      </symbol>
      <symbol id="sm-345">
         <name>_TM1637_V_WriteBIT</name>
         <value>0xa181</value>
         <object_component_ref idref="oc-191"/>
      </symbol>
      <symbol id="sm-346">
         <name>_TM1637_I_WriteData</name>
         <value>0xa2ca</value>
         <object_component_ref idref="oc-191"/>
      </symbol>
      <symbol id="sm-347">
         <name>_TM1637_V_WriteData</name>
         <value>0xa1d7</value>
         <object_component_ref idref="oc-191"/>
      </symbol>
      <symbol id="sm-348">
         <name>_TM1637_I_WriteBIT</name>
         <value>0xa274</value>
         <object_component_ref idref="oc-191"/>
      </symbol>
      <symbol id="sm-349">
         <name>_TM1637_I_WriteCammand</name>
         <value>0xa2d9</value>
         <object_component_ref idref="oc-191"/>
      </symbol>
      <symbol id="sm-34a">
         <name>_I_Display</name>
         <value>0xa2e4</value>
         <object_component_ref idref="oc-191"/>
      </symbol>
      <symbol id="sm-34b">
         <name>_TM1637_I_START</name>
         <value>0xa231</value>
         <object_component_ref idref="oc-191"/>
      </symbol>
      <symbol id="sm-34c">
         <name>_TM1637_I_WriteByte</name>
         <value>0xa29a</value>
         <object_component_ref idref="oc-191"/>
      </symbol>
      <symbol id="sm-359">
         <name>_Init_KEY_GPIO</name>
         <value>0xa890</value>
         <object_component_ref idref="oc-18e"/>
      </symbol>
      <symbol id="sm-398">
         <name>_pwm_PRD_next</name>
         <value>0xc524</value>
         <object_component_ref idref="oc-108"/>
      </symbol>
      <symbol id="sm-399">
         <name>_main</name>
         <value>0x95fc</value>
         <object_component_ref idref="oc-186"/>
      </symbol>
      <symbol id="sm-39a">
         <name>_epwm2_g_tbprd</name>
         <value>0xc516</value>
         <object_component_ref idref="oc-108"/>
      </symbol>
      <symbol id="sm-39b">
         <name>_EPWM1_SetPwm_Freq_Occupy</name>
         <value>0x983e</value>
         <object_component_ref idref="oc-186"/>
      </symbol>
      <symbol id="sm-39c">
         <name>_EPWM2_SetPwm_Freq_PWidth</name>
         <value>0x9803</value>
         <object_component_ref idref="oc-186"/>
      </symbol>
      <symbol id="sm-39d">
         <name>_EPWM2_SetPwm_Freq_Occupy</name>
         <value>0x98f7</value>
         <object_component_ref idref="oc-186"/>
      </symbol>
      <symbol id="sm-39e">
         <name>_EPWM1_SetPwm_Freq_PWidth</name>
         <value>0x97cf</value>
         <object_component_ref idref="oc-186"/>
      </symbol>
      <symbol id="sm-39f">
         <name>_adj_f_flag</name>
         <value>0xc501</value>
         <object_component_ref idref="oc-108"/>
      </symbol>
      <symbol id="sm-3a0">
         <name>_sp_dis</name>
         <value>0xc509</value>
         <object_component_ref idref="oc-108"/>
      </symbol>
      <symbol id="sm-3a1">
         <name>_current_freq</name>
         <value>0xc51a</value>
         <object_component_ref idref="oc-108"/>
      </symbol>
      <symbol id="sm-3a2">
         <name>_f_pwm</name>
         <value>0xc52c</value>
         <object_component_ref idref="oc-108"/>
      </symbol>
      <symbol id="sm-3a3">
         <name>_EPWM1_INIT</name>
         <value>0x9aa0</value>
         <object_component_ref idref="oc-186"/>
      </symbol>
      <symbol id="sm-3a4">
         <name>_BKL</name>
         <value>0xc514</value>
         <object_component_ref idref="oc-108"/>
      </symbol>
      <symbol id="sm-3a5">
         <name>_phase_value</name>
         <value>0xc518</value>
         <object_component_ref idref="oc-108"/>
      </symbol>
      <symbol id="sm-3a6">
         <name>_EPWM2_INIT</name>
         <value>0x9b33</value>
         <object_component_ref idref="oc-186"/>
      </symbol>
      <symbol id="sm-3a7">
         <name>_adj_sp_flag</name>
         <value>0xc502</value>
         <object_component_ref idref="oc-108"/>
      </symbol>
      <symbol id="sm-3a8">
         <name>_epwm1_cmpa</name>
         <value>0xc515</value>
         <object_component_ref idref="oc-108"/>
      </symbol>
      <symbol id="sm-3a9">
         <name>_epwm2_cmpa</name>
         <value>0xc50f</value>
         <object_component_ref idref="oc-108"/>
      </symbol>
      <symbol id="sm-3aa">
         <name>_Send_flag</name>
         <value>0xc528</value>
         <object_component_ref idref="oc-108"/>
      </symbol>
      <symbol id="sm-3ab">
         <name>_epwm2_tbprd</name>
         <value>0xc50e</value>
         <object_component_ref idref="oc-108"/>
      </symbol>
      <symbol id="sm-3ac">
         <name>_GPIO_INIT</name>
         <value>0x9a4b</value>
         <object_component_ref idref="oc-186"/>
      </symbol>
      <symbol id="sm-3ad">
         <name>_pwm_PRD</name>
         <value>0xc52a</value>
         <object_component_ref idref="oc-108"/>
      </symbol>
      <symbol id="sm-3ae">
         <name>_pwm_half_per</name>
         <value>0xc51e</value>
         <object_component_ref idref="oc-108"/>
      </symbol>
      <symbol id="sm-3af">
         <name>_k3</name>
         <value>0xc505</value>
         <object_component_ref idref="oc-108"/>
      </symbol>
      <symbol id="sm-3b0">
         <name>_k2</name>
         <value>0xc504</value>
         <object_component_ref idref="oc-108"/>
      </symbol>
      <symbol id="sm-3b1">
         <name>_k1</name>
         <value>0xc50c</value>
         <object_component_ref idref="oc-108"/>
      </symbol>
      <symbol id="sm-3b2">
         <name>_ISRTimer0</name>
         <value>0xa947</value>
         <object_component_ref idref="oc-109"/>
      </symbol>
      <symbol id="sm-3b3">
         <name>_temp_PRD</name>
         <value>0xc522</value>
         <object_component_ref idref="oc-108"/>
      </symbol>
      <symbol id="sm-3b4">
         <name>_BN</name>
         <value>0xc512</value>
         <object_component_ref idref="oc-108"/>
      </symbol>
      <symbol id="sm-3b5">
         <name>_BM</name>
         <value>0xc520</value>
         <object_component_ref idref="oc-108"/>
      </symbol>
      <symbol id="sm-3b6">
         <name>_epwm1_tbprd</name>
         <value>0xc517</value>
         <object_component_ref idref="oc-108"/>
      </symbol>
      <symbol id="sm-3b7">
         <name>_AKL</name>
         <value>0xc510</value>
         <object_component_ref idref="oc-108"/>
      </symbol>
      <symbol id="sm-3b8">
         <name>_AN</name>
         <value>0xc511</value>
         <object_component_ref idref="oc-108"/>
      </symbol>
      <symbol id="sm-3b9">
         <name>_AM</name>
         <value>0xc51c</value>
         <object_component_ref idref="oc-108"/>
      </symbol>
      <symbol id="sm-3ba">
         <name>_f_dis</name>
         <value>0xc50d</value>
         <object_component_ref idref="oc-108"/>
      </symbol>
      <symbol id="sm-3bb">
         <name>_key1_laststate</name>
         <value>0xc513</value>
         <object_component_ref idref="oc-108"/>
      </symbol>
      <symbol id="sm-3bc">
         <name>_DELAY</name>
         <value>0x954a</value>
         <object_component_ref idref="oc-186"/>
      </symbol>
      <symbol id="sm-3bd">
         <name>_SetPhaseValue</name>
         <value>0x99f7</value>
         <object_component_ref idref="oc-186"/>
      </symbol>
      <symbol id="sm-3be">
         <name>_key3_laststate</name>
         <value>0xc503</value>
         <object_component_ref idref="oc-108"/>
      </symbol>
      <symbol id="sm-3bf">
         <name>_key_A</name>
         <value>0xc50a</value>
         <object_component_ref idref="oc-108"/>
      </symbol>
      <symbol id="sm-3c0">
         <name>_key_B</name>
         <value>0xc507</value>
         <object_component_ref idref="oc-108"/>
      </symbol>
      <symbol id="sm-3c1">
         <name>_key1_currentstate</name>
         <value>0xc508</value>
         <object_component_ref idref="oc-108"/>
      </symbol>
      <symbol id="sm-3c2">
         <name>_Read_ADC1</name>
         <value>0x9525</value>
         <object_component_ref idref="oc-186"/>
      </symbol>
      <symbol id="sm-3c3">
         <name>_Read_ADC0</name>
         <value>0x9500</value>
         <object_component_ref idref="oc-186"/>
      </symbol>
      <symbol id="sm-3c4">
         <name>_Adj_PWM</name>
         <value>0x956b</value>
         <object_component_ref idref="oc-186"/>
      </symbol>
      <symbol id="sm-3c5">
         <name>_Calcu_slop</name>
         <value>0x95a1</value>
         <object_component_ref idref="oc-186"/>
      </symbol>
      <symbol id="sm-3c6">
         <name>_sp_pwm</name>
         <value>0xc526</value>
         <object_component_ref idref="oc-108"/>
      </symbol>
      <symbol id="sm-3c7">
         <name>_ADC0_DATA</name>
         <value>0xc506</value>
         <object_component_ref idref="oc-108"/>
      </symbol>
      <symbol id="sm-3c8">
         <name>_ADC1_DATA</name>
         <value>0xc500</value>
         <object_component_ref idref="oc-108"/>
      </symbol>
      <symbol id="sm-3c9">
         <name>_key3_currentstate</name>
         <value>0xc50b</value>
         <object_component_ref idref="oc-108"/>
      </symbol>
      <symbol id="sm-3e4">
         <name>_c_int00</name>
         <value>0xa7dc</value>
         <object_component_ref idref="oc-48"/>
      </symbol>
      <symbol id="sm-3e5">
         <name>__stack</name>
         <value>0x400</value>
         <object_component_ref idref="oc-10f"/>
      </symbol>
      <symbol id="sm-3f9">
         <name>C$$EXIT</name>
         <value>0xa9cd</value>
         <object_component_ref idref="oc-185"/>
      </symbol>
      <symbol id="sm-3fa">
         <name>_exit</name>
         <value>0xa9cf</value>
         <object_component_ref idref="oc-185"/>
      </symbol>
      <symbol id="sm-3fb">
         <name>___TI_cleanup_ptr</name>
         <value>0xc52e</value>
         <object_component_ref idref="oc-117"/>
      </symbol>
      <symbol id="sm-3fc">
         <name>_abort</name>
         <value>0xa9cd</value>
         <object_component_ref idref="oc-185"/>
      </symbol>
      <symbol id="sm-3fd">
         <name>___TI_dtors_ptr</name>
         <value>0xc530</value>
         <object_component_ref idref="oc-117"/>
      </symbol>
      <symbol id="sm-414">
         <name>FD$$DIV</name>
         <value>0xa4b8</value>
         <object_component_ref idref="oc-11c"/>
      </symbol>
      <symbol id="sm-426">
         <name>FD$$MPY</name>
         <value>0xa5cb</value>
         <object_component_ref idref="oc-121"/>
      </symbol>
      <symbol id="sm-432">
         <name>FD$$SUB</name>
         <value>0xaa29</value>
         <object_component_ref idref="oc-126"/>
      </symbol>
      <symbol id="sm-441">
         <name>FD$$TOU</name>
         <value>0xa99a</value>
         <object_component_ref idref="oc-12b"/>
      </symbol>
      <symbol id="sm-450">
         <name>FD$$TOUL</name>
         <value>0xa97f</value>
         <object_component_ref idref="oc-130"/>
      </symbol>
      <symbol id="sm-461">
         <name>FS$$DIV</name>
         <value>0xa543</value>
         <object_component_ref idref="oc-135"/>
      </symbol>
      <symbol id="sm-471">
         <name>FS$$TOFD</name>
         <value>0xa963</value>
         <object_component_ref idref="oc-13a"/>
      </symbol>
      <symbol id="sm-481">
         <name>I$$TOFD</name>
         <value>0xa92a</value>
         <object_component_ref idref="oc-13f"/>
      </symbol>
      <symbol id="sm-495">
         <name>_pow</name>
         <value>0xa731</value>
         <object_component_ref idref="oc-189"/>
      </symbol>
      <symbol id="sm-4a1">
         <name>U$$MOD</name>
         <value>0xaa3c</value>
         <object_component_ref idref="oc-149"/>
      </symbol>
      <symbol id="sm-4a2">
         <name>U$$DIV</name>
         <value>0xaa37</value>
         <object_component_ref idref="oc-149"/>
      </symbol>
      <symbol id="sm-4b3">
         <name>U$$TOFD</name>
         <value>0xa9e6</value>
         <object_component_ref idref="oc-14e"/>
      </symbol>
      <symbol id="sm-4c4">
         <name>UL$$TOFD</name>
         <value>0xaa13</value>
         <object_component_ref idref="oc-153"/>
      </symbol>
      <symbol id="sm-4d9">
         <name>__unlock</name>
         <value>0xc534</value>
         <object_component_ref idref="oc-196"/>
      </symbol>
      <symbol id="sm-4da">
         <name>__lock</name>
         <value>0xc532</value>
         <object_component_ref idref="oc-187"/>
      </symbol>
      <symbol id="sm-4db">
         <name>__register_lock</name>
         <value>0xaa46</value>
         <object_component_ref idref="oc-192"/>
      </symbol>
      <symbol id="sm-4dc">
         <name>__nop</name>
         <value>0xaa4a</value>
         <object_component_ref idref="oc-192"/>
      </symbol>
      <symbol id="sm-4dd">
         <name>__register_unlock</name>
         <value>0xaa42</value>
         <object_component_ref idref="oc-192"/>
      </symbol>
      <symbol id="sm-4ec">
         <name>__log</name>
         <value>0xa78c</value>
         <object_component_ref idref="oc-194"/>
      </symbol>
      <symbol id="sm-4fc">
         <name>__args_main</name>
         <value>0xa9b4</value>
         <object_component_ref idref="oc-184"/>
      </symbol>
      <symbol id="sm-507">
         <name>_errno</name>
         <value>0xc536</value>
         <object_component_ref idref="oc-169"/>
      </symbol>
      <symbol id="sm-518">
         <name>_exp</name>
         <value>0xa6c9</value>
         <object_component_ref idref="oc-195"/>
      </symbol>
      <symbol id="sm-533">
         <name>FD$$ADD</name>
         <value>0xa41c</value>
         <object_component_ref idref="oc-170"/>
      </symbol>
      <symbol id="sm-543">
         <name>_frexp</name>
         <value>0xa9fd</value>
         <object_component_ref idref="oc-197"/>
      </symbol>
      <symbol id="sm-551">
         <name>I$$MOD</name>
         <value>0xa919</value>
         <object_component_ref idref="oc-17a"/>
      </symbol>
      <symbol id="sm-552">
         <name>I$$DIV</name>
         <value>0xa908</value>
         <object_component_ref idref="oc-17a"/>
      </symbol>
      <symbol id="sm-565">
         <name>_ldexp</name>
         <value>0xa85c</value>
         <object_component_ref idref="oc-198"/>
      </symbol>
   </symbol_table>
   <title>Link successful</title>
</link_info>
